Archive member included to satisfy reference by file (symbol)

D:/STM32CubeIDE_1.12.0/STM32CubeIDE/plugins/com.st.stm32cube.ide.mcu.externaltools.gnu-tools-for-stm32.12.3.rel1.win32_1.0.200.202406191623/tools/bin/../lib/gcc/arm-none-eabi/12.3.1/../../../../arm-none-eabi/lib/thumb/v7e-m+fp/hard\libc_nano.a(libc_a-calloc.o)
                              ./solver_code/linsys/cpu/direct/private.o (calloc)
D:/STM32CubeIDE_1.12.0/STM32CubeIDE/plugins/com.st.stm32cube.ide.mcu.externaltools.gnu-tools-for-stm32.12.3.rel1.win32_1.0.200.202406191623/tools/bin/../lib/gcc/arm-none-eabi/12.3.1/../../../../arm-none-eabi/lib/thumb/v7e-m+fp/hard\libc_nano.a(libc_a-callocr.o)
                              D:/STM32CubeIDE_1.12.0/STM32CubeIDE/plugins/com.st.stm32cube.ide.mcu.externaltools.gnu-tools-for-stm32.12.3.rel1.win32_1.0.200.202406191623/tools/bin/../lib/gcc/arm-none-eabi/12.3.1/../../../../arm-none-eabi/lib/thumb/v7e-m+fp/hard\libc_nano.a(libc_a-calloc.o) (_calloc_r)
D:/STM32CubeIDE_1.12.0/STM32CubeIDE/plugins/com.st.stm32cube.ide.mcu.externaltools.gnu-tools-for-stm32.12.3.rel1.win32_1.0.200.202406191623/tools/bin/../lib/gcc/arm-none-eabi/12.3.1/../../../../arm-none-eabi/lib/thumb/v7e-m+fp/hard\libc_nano.a(libc_a-exit.o)
                              D:/STM32CubeIDE_1.12.0/STM32CubeIDE/plugins/com.st.stm32cube.ide.mcu.externaltools.gnu-tools-for-stm32.12.3.rel1.win32_1.0.200.202406191623/tools/bin/../lib/gcc/arm-none-eabi/12.3.1/../../../../arm-none-eabi/lib/thumb/v7e-m+fp/hard/crt0.o (exit)
D:/STM32CubeIDE_1.12.0/STM32CubeIDE/plugins/com.st.stm32cube.ide.mcu.externaltools.gnu-tools-for-stm32.12.3.rel1.win32_1.0.200.202406191623/tools/bin/../lib/gcc/arm-none-eabi/12.3.1/../../../../arm-none-eabi/lib/thumb/v7e-m+fp/hard\libc_nano.a(libc_a-malloc.o)
                              ./solver_code/linsys/external/amd/SuiteSparse_config.o (malloc)
D:/STM32CubeIDE_1.12.0/STM32CubeIDE/plugins/com.st.stm32cube.ide.mcu.externaltools.gnu-tools-for-stm32.12.3.rel1.win32_1.0.200.202406191623/tools/bin/../lib/gcc/arm-none-eabi/12.3.1/../../../../arm-none-eabi/lib/thumb/v7e-m+fp/hard\libc_nano.a(libc_a-mallocr.o)
                              D:/STM32CubeIDE_1.12.0/STM32CubeIDE/plugins/com.st.stm32cube.ide.mcu.externaltools.gnu-tools-for-stm32.12.3.rel1.win32_1.0.200.202406191623/tools/bin/../lib/gcc/arm-none-eabi/12.3.1/../../../../arm-none-eabi/lib/thumb/v7e-m+fp/hard\libc_nano.a(libc_a-callocr.o) (_malloc_r)
D:/STM32CubeIDE_1.12.0/STM32CubeIDE/plugins/com.st.stm32cube.ide.mcu.externaltools.gnu-tools-for-stm32.12.3.rel1.win32_1.0.200.202406191623/tools/bin/../lib/gcc/arm-none-eabi/12.3.1/../../../../arm-none-eabi/lib/thumb/v7e-m+fp/hard\libc_nano.a(libc_a-mlock.o)
                              D:/STM32CubeIDE_1.12.0/STM32CubeIDE/plugins/com.st.stm32cube.ide.mcu.externaltools.gnu-tools-for-stm32.12.3.rel1.win32_1.0.200.202406191623/tools/bin/../lib/gcc/arm-none-eabi/12.3.1/../../../../arm-none-eabi/lib/thumb/v7e-m+fp/hard\libc_nano.a(libc_a-mallocr.o) (__malloc_lock)
D:/STM32CubeIDE_1.12.0/STM32CubeIDE/plugins/com.st.stm32cube.ide.mcu.externaltools.gnu-tools-for-stm32.12.3.rel1.win32_1.0.200.202406191623/tools/bin/../lib/gcc/arm-none-eabi/12.3.1/../../../../arm-none-eabi/lib/thumb/v7e-m+fp/hard\libc_nano.a(libc_a-realloc.o)
                              ./solver_code/linsys/external/amd/SuiteSparse_config.o (realloc)
D:/STM32CubeIDE_1.12.0/STM32CubeIDE/plugins/com.st.stm32cube.ide.mcu.externaltools.gnu-tools-for-stm32.12.3.rel1.win32_1.0.200.202406191623/tools/bin/../lib/gcc/arm-none-eabi/12.3.1/../../../../arm-none-eabi/lib/thumb/v7e-m+fp/hard\libc_nano.a(libc_a-reallocr.o)
                              D:/STM32CubeIDE_1.12.0/STM32CubeIDE/plugins/com.st.stm32cube.ide.mcu.externaltools.gnu-tools-for-stm32.12.3.rel1.win32_1.0.200.202406191623/tools/bin/../lib/gcc/arm-none-eabi/12.3.1/../../../../arm-none-eabi/lib/thumb/v7e-m+fp/hard\libc_nano.a(libc_a-realloc.o) (_realloc_r)
D:/STM32CubeIDE_1.12.0/STM32CubeIDE/plugins/com.st.stm32cube.ide.mcu.externaltools.gnu-tools-for-stm32.12.3.rel1.win32_1.0.200.202406191623/tools/bin/../lib/gcc/arm-none-eabi/12.3.1/../../../../arm-none-eabi/lib/thumb/v7e-m+fp/hard\libc_nano.a(libc_a-fclose.o)
                              ./solver_code/src/rw.o (fclose)
D:/STM32CubeIDE_1.12.0/STM32CubeIDE/plugins/com.st.stm32cube.ide.mcu.externaltools.gnu-tools-for-stm32.12.3.rel1.win32_1.0.200.202406191623/tools/bin/../lib/gcc/arm-none-eabi/12.3.1/../../../../arm-none-eabi/lib/thumb/v7e-m+fp/hard\libc_nano.a(libc_a-fflush.o)
                              D:/STM32CubeIDE_1.12.0/STM32CubeIDE/plugins/com.st.stm32cube.ide.mcu.externaltools.gnu-tools-for-stm32.12.3.rel1.win32_1.0.200.202406191623/tools/bin/../lib/gcc/arm-none-eabi/12.3.1/../../../../arm-none-eabi/lib/thumb/v7e-m+fp/hard\libc_nano.a(libc_a-fclose.o) (__sflush_r)
[...]
Memory Configuration

Name             Origin             Length             Attributes
CCMRAM           0x10000000         0x00010000         xrw
RAM              0x20000000         0x00020000         xrw
FLASH            0x08000000         0x00100000         xr
*default*        0x00000000         0xffffffff

Linker script and memory map

LOAD D:/STM32CubeIDE_1.12.0/STM32CubeIDE/plugins/com.st.stm32cube.ide.mcu.externaltools.gnu-tools-for-stm32.12.3.rel1.win32_1.0.200.202406191623/tools/bin/../lib/gcc/arm-none-eabi/12.3.1/thumb/v7e-m+fp/hard/crti.o
LOAD D:/STM32CubeIDE_1.12.0/STM32CubeIDE/plugins/com.st.stm32cube.ide.mcu.externaltools.gnu-tools-for-stm32.12.3.rel1.win32_1.0.200.202406191623/tools/bin/../lib/gcc/arm-none-eabi/12.3.1/thumb/v7e-m+fp/hard/crtbegin.o
LOAD D:/STM32CubeIDE_1.12.0/STM32CubeIDE/plugins/com.st.stm32cube.ide.mcu.externaltools.gnu-tools-for-stm32.12.3.rel1.win32_1.0.200.202406191623/tools/bin/../lib/gcc/arm-none-eabi/12.3.1/../../../../arm-none-eabi/lib/thumb/v7e-m+fp/hard/crt0.o
LOAD ./Convex/cpg_solve.o
LOAD ./Convex/cpg_workspace.o
LOAD ./Core/Src/main.o
LOAD ./Core/Src/stm32f4xx_hal_msp.o
LOAD ./Core/Src/stm32f4xx_it.o
LOAD ./Core/Src/syscalls.o
LOAD ./Core/Src/sysmem.o
LOAD ./Core/Src/system_stm32f4xx.o
LOAD ./Core/Startup/startup_stm32f407vgtx.o
LOAD ./DHT11/dht11.o
LOAD ./Drivers/STM32F4xx_HAL_Driver/Src/stm32f4xx_hal.o
LOAD ./Drivers/STM32F4xx_HAL_Driver/Src/stm32f4xx_hal_cortex.o
LOAD ./Drivers/STM32F4xx_HAL_Driver/Src/stm32f4xx_hal_dma.o
LOAD ./Drivers/STM32F4xx_HAL_Driver/Src/stm32f4xx_hal_dma_ex.o
LOAD ./Drivers/STM32F4xx_HAL_Driver/Src/stm32f4xx_hal_exti.o
LOAD ./Drivers/STM32F4xx_HAL_Driver/Src/stm32f4xx_hal_flash.o
LOAD ./Drivers/STM32F4xx_HAL_Driver/Src/stm32f4xx_hal_flash_ex.o
LOAD ./Drivers/STM32F4xx_HAL_Driver/Src/stm32f4xx_hal_flash_ramfunc.o
LOAD ./Drivers/STM32F4xx_HAL_Driver/Src/stm32f4xx_hal_gpio.o
LOAD ./Drivers/STM32F4xx_HAL_Driver/Src/stm32f4xx_hal_pwr.o
LOAD ./Drivers/STM32F4xx_HAL_Driver/Src/stm32f4xx_hal_pwr_ex.o
LOAD ./Drivers/STM32F4xx_HAL_Driver/Src/stm32f4xx_hal_rcc.o
LOAD ./Drivers/STM32F4xx_HAL_Driver/Src/stm32f4xx_hal_rcc_ex.o
LOAD ./Drivers/STM32F4xx_HAL_Driver/Src/stm32f4xx_hal_tim.o
LOAD ./Drivers/STM32F4xx_HAL_Driver/Src/stm32f4xx_hal_tim_ex.o
LOAD ./Motor_Driver/motor_driver.o
LOAD ./solver_code/linsys/cpu/direct/private.o
LOAD ./solver_code/linsys/csparse.o
LOAD ./solver_code/linsys/scs_matrix.o
LOAD ./solver_code/linsys/external/amd/SuiteSparse_config.o
LOAD ./solver_code/linsys/external/amd/amd_1.o
LOAD ./solver_code/linsys/external/amd/amd_2.o
LOAD ./solver_code/linsys/external/amd/amd_aat.o
LOAD ./solver_code/linsys/external/amd/amd_control.o
LOAD ./solver_code/linsys/external/amd/amd_defaults.o
LOAD ./solver_code/linsys/external/amd/amd_dump.o
LOAD ./solver_code/linsys/external/amd/amd_global.o
LOAD ./solver_code/linsys/external/amd/amd_info.o
LOAD ./solver_code/linsys/external/amd/amd_order.o
LOAD ./solver_code/linsys/external/amd/amd_post_tree.o
LOAD ./solver_code/linsys/external/amd/amd_postorder.o
LOAD ./solver_code/linsys/external/amd/amd_preprocess.o
LOAD ./solver_code/linsys/external/amd/amd_valid.o
LOAD ./solver_code/linsys/external/qdldl/qdldl.o
LOAD ./solver_code/src/aa.o
LOAD ./solver_code/src/cones.o
LOAD ./solver_code/src/ctrlc.o
LOAD ./solver_code/src/linalg.o
LOAD ./solver_code/src/normalize.o
LOAD ./solver_code/src/rw.o
LOAD ./solver_code/src/scs.o
LOAD ./solver_code/src/scs_version.o
LOAD ./solver_code/src/util.o
START GROUP
LOAD D:/STM32CubeIDE_1.12.0/STM32CubeIDE/plugins/com.st.stm32cube.ide.mcu.externaltools.gnu-tools-for-stm32.12.3.rel1.win32_1.0.200.202406191623/tools/bin/../lib/gcc/arm-none-eabi/12.3.1/../../../../arm-none-eabi/lib/thumb/v7e-m+fp/hard\libc_nano.a
LOAD D:/STM32CubeIDE_1.12.0/STM32CubeIDE/plugins/com.st.stm32cube.ide.mcu.externaltools.gnu-tools-for-stm32.12.3.rel1.win32_1.0.200.202406191623/tools/bin/../lib/gcc/arm-none-eabi/12.3.1/../../../../arm-none-eabi/lib/thumb/v7e-m+fp/hard\libm.a
END GROUP
START GROUP
LOAD D:/STM32CubeIDE_1.12.0/STM32CubeIDE/plugins/com.st.stm32cube.ide.mcu.externaltools.gnu-tools-for-stm32.12.3.rel1.win32_1.0.200.202406191623/tools/bin/../lib/gcc/arm-none-eabi/12.3.1/thumb/v7e-m+fp/hard\libgcc.a
LOAD D:/STM32CubeIDE_1.12.0/STM32CubeIDE/plugins/com.st.stm32cube.ide.mcu.externaltools.gnu-tools-for-stm32.12.3.rel1.win32_1.0.200.202406191623/tools/bin/../lib/gcc/arm-none-eabi/12.3.1/../../../../arm-none-eabi/lib/thumb/v7e-m+fp/hard\libc_nano.a
END GROUP
START GROUP
LOAD D:/STM32CubeIDE_1.12.0/STM32CubeIDE/plugins/com.st.stm32cube.ide.mcu.externaltools.gnu-tools-for-stm32.12.3.rel1.win32_1.0.200.202406191623/tools/bin/../lib/gcc/arm-none-eabi/12.3.1/thumb/v7e-m+fp/hard\libgcc.a
LOAD D:/STM32CubeIDE_1.12.0/STM32CubeIDE/plugins/com.st.stm32cube.ide.mcu.externaltools.gnu-tools-for-stm32.12.3.rel1.win32_1.0.200.202406191623/tools/bin/../lib/gcc/arm-none-eabi/12.3.1/../../../../arm-none-eabi/lib/thumb/v7e-m+fp/hard\libc_nano.a
LOAD D:/STM32CubeIDE_1.12.0/STM32CubeIDE/plugins/com.st.stm32cube.ide.mcu.externaltools.gnu-tools-for-stm32.12.3.rel1.win32_1.0.200.202406191623/tools/bin/../lib/gcc/arm-none-eabi/12.3.1/../../../../arm-none-eabi/lib/thumb/v7e-m+fp/hard\libnosys.a
END GROUP
START GROUP
LOAD D:/STM32CubeIDE_1.12.0/STM32CubeIDE/plugins/com.st.stm32cube.ide.mcu.externaltools.gnu-tools-for-stm32.12.3.rel1.win32_1.0.200.202406191623/tools/bin/../lib/gcc/arm-none-eabi/12.3.1/thumb/v7e-m+fp/hard\libgcc.a
LOAD D:/STM32CubeIDE_1.12.0/STM32CubeIDE/plugins/com.st.stm32cube.ide.mcu.externaltools.gnu-tools-for-stm32.12.3.rel1.win32_1.0.200.202406191623/tools/bin/../lib/gcc/arm-none-eabi/12.3.1/../../../../arm-none-eabi/lib/thumb/v7e-m+fp/hard\libc_nano.a
LOAD D:/STM32CubeIDE_1.12.0/STM32CubeIDE/plugins/com.st.stm32cube.ide.mcu.externaltools.gnu-tools-for-stm32.12.3.rel1.win32_1.0.200.202406191623/tools/bin/../lib/gcc/arm-none-eabi/12.3.1/../../../../arm-none-eabi/lib/thumb/v7e-m+fp/hard\libnosys.a
END GROUP
LOAD D:/STM32CubeIDE_1.12.0/STM32CubeIDE/plugins/com.st.stm32cube.ide.mcu.externaltools.gnu-tools-for-stm32.12.3.rel1.win32_1.0.200.202406191623/tools/bin/../lib/gcc/arm-none-eabi/12.3.1/thumb/v7e-m+fp/hard/crtend.o
LOAD D:/STM32CubeIDE_1.12.0/STM32CubeIDE/plugins/com.st.stm32cube.ide.mcu.externaltools.gnu-tools-for-stm32.12.3.rel1.win32_1.0.200.202406191623/tools/bin/../lib/gcc/arm-none-eabi/12.3.1/thumb/v7e-m+fp/hard/crtn.o
                0x20020000                        _estack = (ORIGIN (RAM) + LENGTH (RAM))
                0x00000200                        _Min_Heap_Size = 0x200
                0x00000400                        _Min_Stack_Size = 0x400

.isr_vector     0x08000000      0x188
                0x08000000                        . = ALIGN (0x4)
 *(.isr_vector)
 .isr_vector    0x08000000      0x188 ./Core/Startup/startup_stm32f407vgtx.o
                0x08000000                g_pfnVectors
                0x08000188                        . = ALIGN (0x4)

.text           0x08000190    0x14740
                0x08000190                        . = ALIGN (0x4)
 *(.text)
 .text          0x08000190       0x40 D:/STM32CubeIDE_1.12.0/STM32CubeIDE/plugins/com.st.stm32cube.ide.mcu.externaltools.gnu-tools-for-stm32.12.3.rel1.win32_1.0.200.202406191623/tools/bin/../lib/gcc/arm-none-eabi/12.3.1/thumb/v7e-m+fp/hard/crtbegin.o
 .text          0x080001d0       0x10 D:/STM32CubeIDE_1.12.0/STM32CubeIDE/plugins/com.st.stm32cube.ide.mcu.externaltools.gnu-tools-for-stm32.12.3.rel1.win32_1.0.200.202406191623/tools/bin/../lib/gcc/arm-none-eabi/12.3.1/../../../../arm-none-eabi/lib/thumb/v7e-m+fp/hard\libc_nano.a(libc_a-strlen.o)
                0x080001d0                strlen
 .text          0x080001e0       0xa0 D:/STM32CubeIDE_1.12.0/STM32CubeIDE/plugins/com.st.stm32cube.ide.mcu.externaltools.gnu-tools-for-stm32.12.3.rel1.win32_1.0.200.202406191623/tools/bin/../lib/gcc/arm-none-eabi/12.3.1/../../../../arm-none-eabi/lib/thumb/v7e-m+fp/hard\libc_nano.a(libc_a-memchr.o)
                0x080001e0                memchr
 .text          0x08000280      0x378 D:/STM32CubeIDE_1.12.0/STM32CubeIDE/plugins/com.st.stm32cube.ide.mcu.externaltools.gnu-tools-for-stm32.12.3.rel1.win32_1.0.200.202406191623/tools/bin/../lib/gcc/arm-none-eabi/12.3.1/thumb/v7e-m+fp/hard\libgcc.a(_arm_addsubdf3.o)
                0x08000280                __aeabi_drsub
                0x08000288                __aeabi_dsub
                0x08000288                __subdf3
                0x0800028c                __aeabi_dadd
                0x0800028c                __adddf3
                0x08000504                __floatunsidf
                0x08000504                __aeabi_ui2d
                0x08000524                __floatsidf
                0x08000524                __aeabi_i2d
                0x08000548                __aeabi_f2d
                0x08000548                __extendsfdf2
                0x0800058c                __floatundidf
                0x0800058c                __aeabi_ul2d
                0x0800059c                __floatdidf
                0x0800059c                __aeabi_l2d
 .text          0x080005f8      0x424 D:/STM32CubeIDE_1.12.0/STM32CubeIDE/plugins/com.st.stm32cube.ide.mcu.externaltools.gnu-tools-for-stm32.12.3.rel1.win32_1.0.200.202406191623/tools/bin/../lib/gcc/arm-none-eabi/12.3.1/thumb/v7e-m+fp/hard\libgcc.a(_arm_muldivdf3.o)
                0x080005f8                __aeabi_dmul
                0x080005f8                __muldf3
                0x0800084c                __divdf3
                0x0800084c                __aeabi_ddiv
 .text          0x08000a1c      0x110 D:/STM32CubeIDE_1.12.0/STM32CubeIDE/plugins/com.st.stm32cube.ide.mcu.externaltools.gnu-tools-for-stm32.12.3.rel1.win32_1.0.200.202406191623/tools/bin/../lib/gcc/arm-none-eabi/12.3.1/thumb/v7e-m+fp/hard\libgcc.a(_arm_cmpdf2.o)
                0x08000a1c                __gtdf2
                0x08000a1c                __gedf2
                0x08000a24                __ltdf2
                0x08000a24                __ledf2
                0x08000a2c                __nedf2
                0x08000a2c                __eqdf2
                0x08000a2c                __cmpdf2
                0x08000aa8                __aeabi_cdrcmple
                0x08000ab8                __aeabi_cdcmpeq
                0x08000ab8                __aeabi_cdcmple
                0x08000ac8                __aeabi_dcmpeq
                0x08000adc                __aeabi_dcmplt
                0x08000af0                __aeabi_dcmple
                0x08000b04                __aeabi_dcmpge
                0x08000b18                __aeabi_dcmpgt
 .text          0x08000b2c       0x2c D:/STM32CubeIDE_1.12.0/STM32CubeIDE/plugins/com.st.stm32cube.ide.mcu.externaltools.gnu-tools-for-stm32.12.3.rel1.win32_1.0.200.202406191623/tools/bin/../lib/gcc/arm-none-eabi/12.3.1/thumb/v7e-m+fp/hard\libgcc.a(_arm_unorddf2.o)
                0x08000b2c                __unorddf2
                0x08000b2c                __aeabi_dcmpun
 .text          0x08000b58       0x50 D:/STM32CubeIDE_1.12.0/STM32CubeIDE/plugins/com.st.stm32cube.ide.mcu.externaltools.gnu-tools-for-stm32.12.3.rel1.win32_1.0.200.202406191623/tools/bin/../lib/gcc/arm-none-eabi/12.3.1/thumb/v7e-m+fp/hard\libgcc.a(_arm_fixdfsi.o)
                0x08000b58                __aeabi_d2iz
                0x08000b58                __fixdfsi
 .text          0x08000ba8       0x40 D:/STM32CubeIDE_1.12.0/STM32CubeIDE/plugins/com.st.stm32cube.ide.mcu.externaltools.gnu-tools-for-stm32.12.3.rel1.win32_1.0.200.202406191623/tools/bin/../lib/gcc/arm-none-eabi/12.3.1/thumb/v7e-m+fp/hard\libgcc.a(_arm_fixunsdfsi.o)
                0x08000ba8                __aeabi_d2uiz
                0x08000ba8                __fixunsdfsi
 .text          0x08000be8       0x30 D:/STM32CubeIDE_1.12.0/STM32CubeIDE/plugins/com.st.stm32cube.ide.mcu.externaltools.gnu-tools-for-stm32.12.3.rel1.win32_1.0.200.202406191623/tools/bin/../lib/gcc/arm-none-eabi/12.3.1/thumb/v7e-m+fp/hard\libgcc.a(_aeabi_uldivmod.o)
                0x08000be8                __aeabi_uldivmod
 .text          0x08000c18      0x2bc D:/STM32CubeIDE_1.12.0/STM32CubeIDE/plugins/com.st.stm32cube.ide.mcu.externaltools.gnu-tools-for-stm32.12.3.rel1.win32_1.0.200.202406191623/tools/bin/../lib/gcc/arm-none-eabi/12.3.1/thumb/v7e-m+fp/hard\libgcc.a(_udivmoddi4.o)
                0x08000c18                __udivmoddi4
 .text          0x08000ed4        0x4 D:/STM32CubeIDE_1.12.0/STM32CubeIDE/plugins/com.st.stm32cube.ide.mcu.externaltools.gnu-tools-for-stm32.12.3.rel1.win32_1.0.200.202406191623/tools/bin/../lib/gcc/arm-none-eabi/12.3.1/thumb/v7e-m+fp/hard\libgcc.a(_dvmd_tls.o)
                0x08000ed4                __aeabi_idiv0
                0x08000ed4                __aeabi_ldiv0
 *(.text*)
 .text.cpg_update_lambda_cost
                0x08000ed8       0x30 ./Convex/cpg_solve.o
                0x08000ed8                cpg_update_lambda_cost
 .text.cpg_update_x_curr
                0x08000f08       0x30 ./Convex/cpg_solve.o
                0x08000f08                cpg_update_x_curr
 .text.cpg_update_k_gain
                0x08000f38       0x30 ./Convex/cpg_solve.o
                0x08000f38                cpg_update_k_gain
 .text.cpg_update_x_ref
                0x08000f68       0x30 ./Convex/cpg_solve.o
                0x08000f68                cpg_update_x_ref
 .text.cpg_canonicalize_P
                0x08000f98       0xf0 ./Convex/cpg_solve.o
                0x08000f98                cpg_canonicalize_P
 .text.cpg_canonicalize_A
                0x08001088       0xf0 ./Convex/cpg_solve.o
                0x08001088                cpg_canonicalize_A
 .text.cpg_canonicalize_b
                0x08001178       0xec ./Convex/cpg_solve.o
                0x08001178                cpg_canonicalize_b
 .text.cpg_retrieve_prim
                0x08001264       0x24 ./Convex/cpg_solve.o
                0x08001264                cpg_retrieve_prim
 .text.cpg_retrieve_dual
                0x08001288       0x30 ./Convex/cpg_solve.o
                0x08001288                cpg_retrieve_dual
 .text.cpg_retrieve_info
                0x080012b8       0x4c ./Convex/cpg_solve.o
                0x080012b8                cpg_retrieve_info
 .text.cpg_solve
                0x08001304       0xe0 ./Convex/cpg_solve.o
                0x08001304                cpg_solve
 *fill*         0x080013e4        0x4 
 .text.main     0x080013e8       0x64 ./Core/Src/main.o
                0x080013e8                main
 .text.SystemClock_Config
                0x0800144c       0xd4 ./Core/Src/main.o
                0x0800144c                SystemClock_Config
 .text.MX_TIM2_Init
                0x08001520       0xe8 ./Core/Src/main.o
 .text.MX_TIM6_Init
                0x08001608       0x6c ./Core/Src/main.o
 .text.MX_GPIO_Init
                0x08001674       0x9c ./Core/Src/main.o
 .text.Run_Optimal_Cooling_Controller
                0x08001710       0xfc ./Core/Src/main.o
                0x08001710                Run_Optimal_Cooling_Controller
 .text.Error_Handler
                0x0800180c        0xc ./Core/Src/main.o
                0x0800180c                Error_Handler
 .text.HAL_MspInit
                0x08001818       0x50 ./Core/Src/stm32f4xx_hal_msp.o
                0x08001818                HAL_MspInit
 .text.HAL_TIM_Base_MspInit
                0x08001868       0x6c ./Core/Src/stm32f4xx_hal_msp.o
                0x08001868                HAL_TIM_Base_MspInit
 .text.HAL_TIM_MspPostInit
                0x080018d4       0x70 ./Core/Src/stm32f4xx_hal_msp.o
                0x080018d4                HAL_TIM_MspPostInit
 .text.NMI_Handler
                0x08001944        0x8 ./Core/Src/stm32f4xx_it.o
                0x08001944                NMI_Handler
 .text.HardFault_Handler
                0x0800194c        0x8 ./Core/Src/stm32f4xx_it.o
                0x0800194c                HardFault_Handler
 .text.MemManage_Handler
                0x08001954        0x8 ./Core/Src/stm32f4xx_it.o
                0x08001954                MemManage_Handler
 .text.BusFault_Handler
                0x0800195c        0x8 ./Core/Src/stm32f4xx_it.o
                0x0800195c                BusFault_Handler
 .text.UsageFault_Handler
                0x08001964        0x8 ./Core/Src/stm32f4xx_it.o
                0x08001964                UsageFault_Handler
 .text.SVC_Handler
                0x0800196c        0xe ./Core/Src/stm32f4xx_it.o
                0x0800196c                SVC_Handler
 .text.DebugMon_Handler
                0x0800197a        0xe ./Core/Src/stm32f4xx_it.o
                0x0800197a                DebugMon_Handler
 .text.PendSV_Handler
                0x08001988        0xe ./Core/Src/stm32f4xx_it.o
                0x08001988                PendSV_Handler
 .text.SysTick_Handler
                0x08001996        0xc ./Core/Src/stm32f4xx_it.o
                0x08001996                SysTick_Handler
 .text._read    0x080019a2       0x3a ./Core/Src/syscalls.o
                0x080019a2                _read
 .text._write   0x080019dc       0x38 ./Core/Src/syscalls.o
                0x080019dc                _write
 .text._close   0x08001a14       0x18 ./Core/Src/syscalls.o
                0x08001a14                _close
 .text._fstat   0x08001a2c       0x20 ./Core/Src/syscalls.o
                0x08001a2c                _fstat
 .text._isatty  0x08001a4c       0x16 ./Core/Src/syscalls.o
                0x08001a4c                _isatty
 .text._lseek   0x08001a62       0x1a ./Core/Src/syscalls.o
                0x08001a62                _lseek
 .text._open    0x08001a7c       0x1c ./Core/Src/syscalls.o
                0x08001a7c                _open
 .text._sbrk    0x08001a98       0x6c ./Core/Src/sysmem.o
                0x08001a98                _sbrk
 .text.SystemInit
                0x08001b04       0x24 ./Core/Src/system_stm32f4xx.o
                0x08001b04                SystemInit
 .text.Reset_Handler
                0x08001b28       0x50 ./Core/Startup/startup_stm32f407vgtx.o
                0x08001b28                Reset_Handler
 .text.Default_Handler
                0x08001b78        0x2 ./Core/Startup/startup_stm32f407vgtx.o
                0x08001b78                RTC_Alarm_IRQHandler
                0x08001b78                HASH_RNG_IRQHandler
                0x08001b78                EXTI2_IRQHandler
                0x08001b78                TIM8_CC_IRQHandler
                0x08001b78                TIM1_CC_IRQHandler
                0x08001b78                DMA2_Stream5_IRQHandler
                0x08001b78                DMA1_Stream5_IRQHandler
                0x08001b78                PVD_IRQHandler
                0x08001b78                SDIO_IRQHandler
                0x08001b78                TAMP_STAMP_IRQHandler
                0x08001b78                CAN2_RX1_IRQHandler
                0x08001b78                EXTI3_IRQHandler
                0x08001b78                TIM8_TRG_COM_TIM14_IRQHandler
                0x08001b78                TIM1_UP_TIM10_IRQHandler
                0x08001b78                TIM8_UP_TIM13_IRQHandler
                0x08001b78                I2C3_ER_IRQHandler
                0x08001b78                EXTI0_IRQHandler
                0x08001b78                I2C2_EV_IRQHandler
                0x08001b78                DMA1_Stream2_IRQHandler
                0x08001b78                CAN1_RX0_IRQHandler
                0x08001b78                FPU_IRQHandler
                0x08001b78                OTG_HS_WKUP_IRQHandler
                0x08001b78                CAN2_SCE_IRQHandler
                0x08001b78                DMA2_Stream2_IRQHandler
                0x08001b78                SPI1_IRQHandler
                0x08001b78                TIM6_DAC_IRQHandler
                0x08001b78                TIM1_BRK_TIM9_IRQHandler
                0x08001b78                DCMI_IRQHandler
                0x08001b78                CAN2_RX0_IRQHandler
                0x08001b78                DMA2_Stream3_IRQHandler
                0x08001b78                USART6_IRQHandler
                0x08001b78                USART3_IRQHandler
                0x08001b78                CAN1_RX1_IRQHandler
                0x08001b78                UART5_IRQHandler
                0x08001b78                DMA2_Stream0_IRQHandler
                0x08001b78                TIM4_IRQHandler
                0x08001b78                I2C1_EV_IRQHandler
                0x08001b78                DMA1_Stream6_IRQHandler
                0x08001b78                DMA1_Stream1_IRQHandler
                0x08001b78                UART4_IRQHandler
                0x08001b78                TIM3_IRQHandler
                0x08001b78                RCC_IRQHandler
                0x08001b78                TIM8_BRK_TIM12_IRQHandler
                0x08001b78                Default_Handler
                0x08001b78                EXTI15_10_IRQHandler
                0x08001b78                ADC_IRQHandler
                0x08001b78                DMA1_Stream7_IRQHandler
                0x08001b78                TIM7_IRQHandler
                0x08001b78                CAN2_TX_IRQHandler
                0x08001b78                TIM5_IRQHandler
                0x08001b78                DMA2_Stream7_IRQHandler
                0x08001b78                I2C3_EV_IRQHandler
                0x08001b78                EXTI9_5_IRQHandler
                0x08001b78                RTC_WKUP_IRQHandler
                0x08001b78                ETH_WKUP_IRQHandler
                0x08001b78                SPI2_IRQHandler
                0x08001b78                OTG_HS_EP1_IN_IRQHandler
                0x08001b78                DMA1_Stream0_IRQHandler
                0x08001b78                CAN1_TX_IRQHandler
                0x08001b78                EXTI4_IRQHandler
                0x08001b78                FSMC_IRQHandler
                0x08001b78                ETH_IRQHandler
                0x08001b78                OTG_HS_EP1_OUT_IRQHandler
                0x08001b78                WWDG_IRQHandler
                0x08001b78                TIM2_IRQHandler
                0x08001b78                OTG_FS_WKUP_IRQHandler
                0x08001b78                TIM1_TRG_COM_TIM11_IRQHandler
                0x08001b78                OTG_HS_IRQHandler
                0x08001b78                EXTI1_IRQHandler
                0x08001b78                USART2_IRQHandler
                0x08001b78                I2C2_ER_IRQHandler
                0x08001b78                DMA2_Stream1_IRQHandler
                0x08001b78                CAN1_SCE_IRQHandler
                0x08001b78                FLASH_IRQHandler
                0x08001b78                DMA2_Stream4_IRQHandler
                0x08001b78                USART1_IRQHandler
                0x08001b78                OTG_FS_IRQHandler
                0x08001b78                SPI3_IRQHandler
                0x08001b78                DMA1_Stream4_IRQHandler
                0x08001b78                I2C1_ER_IRQHandler
                0x08001b78                DMA2_Stream6_IRQHandler
                0x08001b78                DMA1_Stream3_IRQHandler
 .text.DHT11_Set_Pin_Output
                0x08001b7a       0x40 ./DHT11/dht11.o
 .text.DHT11_Set_Pin_Input
                0x08001bba       0x40 ./DHT11/dht11.o
 *fill*         0x08001bfa        0x2 
 .text.DHT11_Delay_us
                0x08001bfc       0x30 ./DHT11/dht11.o
 .text.Measure_DHT11
                0x08001c2c      0x2e4 ./DHT11/dht11.o
                0x08001c2c                Measure_DHT11
 .text.HAL_Init
                0x08001f10       0x44 ./Drivers/STM32F4xx_HAL_Driver/Src/stm32f4xx_hal.o
                0x08001f10                HAL_Init
 .text.HAL_InitTick
                0x08001f54       0x60 ./Drivers/STM32F4xx_HAL_Driver/Src/stm32f4xx_hal.o
                0x08001f54                HAL_InitTick
 .text.HAL_IncTick
                0x08001fb4       0x28 ./Drivers/STM32F4xx_HAL_Driver/Src/stm32f4xx_hal.o
                0x08001fb4                HAL_IncTick
 .text.HAL_GetTick
                0x08001fdc       0x18 ./Drivers/STM32F4xx_HAL_Driver/Src/stm32f4xx_hal.o
                0x08001fdc                HAL_GetTick
 .text.HAL_Delay
                0x08001ff4       0x48 ./Drivers/STM32F4xx_HAL_Driver/Src/stm32f4xx_hal.o
                0x08001ff4                HAL_Delay
 .text.__NVIC_SetPriorityGrouping
                0x0800203c       0x48 ./Drivers/STM32F4xx_HAL_Driver/Src/stm32f4xx_hal_cortex.o
 .text.__NVIC_GetPriorityGrouping
                0x08002084       0x1c ./Drivers/STM32F4xx_HAL_Driver/Src/stm32f4xx_hal_cortex.o
 .text.__NVIC_SetPriority
                0x080020a0       0x54 ./Drivers/STM32F4xx_HAL_Driver/Src/stm32f4xx_hal_cortex.o
 .text.NVIC_EncodePriority
                0x080020f4       0x66 ./Drivers/STM32F4xx_HAL_Driver/Src/stm32f4xx_hal_cortex.o
 *fill*         0x0800215a        0x2 
 .text.SysTick_Config
                0x0800215c       0x44 ./Drivers/STM32F4xx_HAL_Driver/Src/stm32f4xx_hal_cortex.o
 .text.HAL_NVIC_SetPriorityGrouping
                0x080021a0       0x16 ./Drivers/STM32F4xx_HAL_Driver/Src/stm32f4xx_hal_cortex.o
                0x080021a0                HAL_NVIC_SetPriorityGrouping
 .text.HAL_NVIC_SetPriority
                0x080021b6       0x38 ./Drivers/STM32F4xx_HAL_Driver/Src/stm32f4xx_hal_cortex.o
                0x080021b6                HAL_NVIC_SetPriority
 .text.HAL_SYSTICK_Config
                0x080021ee       0x18 ./Drivers/STM32F4xx_HAL_Driver/Src/stm32f4xx_hal_cortex.o
                0x080021ee                HAL_SYSTICK_Config
 *fill*         0x08002206        0x2 
 .text.HAL_GPIO_Init
                0x08002208      0x338 ./Drivers/STM32F4xx_HAL_Driver/Src/stm32f4xx_hal_gpio.o
                0x08002208                HAL_GPIO_Init
 .text.HAL_GPIO_ReadPin
                0x08002540       0x30 ./Drivers/STM32F4xx_HAL_Driver/Src/stm32f4xx_hal_gpio.o
                0x08002540                HAL_GPIO_ReadPin
 .text.HAL_GPIO_WritePin
                0x08002570       0x32 ./Drivers/STM32F4xx_HAL_Driver/Src/stm32f4xx_hal_gpio.o
                0x08002570                HAL_GPIO_WritePin
 *fill*         0x080025a2        0x2 
 .text.HAL_RCC_OscConfig
                0x080025a4      0x4f0 ./Drivers/STM32F4xx_HAL_Driver/Src/stm32f4xx_hal_rcc.o
                0x080025a4                HAL_RCC_OscConfig
 .text.HAL_RCC_ClockConfig
                0x08002a94      0x1cc ./Drivers/STM32F4xx_HAL_Driver/Src/stm32f4xx_hal_rcc.o
                0x08002a94                HAL_RCC_ClockConfig
 .text.HAL_RCC_GetSysClockFreq
                0x08002c60      0x18c ./Drivers/STM32F4xx_HAL_Driver/Src/stm32f4xx_hal_rcc.o
                0x08002c60                HAL_RCC_GetSysClockFreq
 .text.HAL_TIM_Base_Init
                0x08002dec       0x9e ./Drivers/STM32F4xx_HAL_Driver/Src/stm32f4xx_hal_tim.o
                0x08002dec                HAL_TIM_Base_Init
 *fill*         0x08002e8a        0x2 
 .text.HAL_TIM_Base_Start
                0x08002e8c       0xd0 ./Drivers/STM32F4xx_HAL_Driver/Src/stm32f4xx_hal_tim.o
                0x08002e8c                HAL_TIM_Base_Start
 .text.HAL_TIM_PWM_Init
                0x08002f5c       0x9e ./Drivers/STM32F4xx_HAL_Driver/Src/stm32f4xx_hal_tim.o
                0x08002f5c                HAL_TIM_PWM_Init
 .text.HAL_TIM_PWM_MspInit
                0x08002ffa       0x14 ./Drivers/STM32F4xx_HAL_Driver/Src/stm32f4xx_hal_tim.o
                0x08002ffa                HAL_TIM_PWM_MspInit
 *fill*         0x0800300e        0x2 
 .text.HAL_TIM_PWM_Start
                0x08003010      0x190 ./Drivers/STM32F4xx_HAL_Driver/Src/stm32f4xx_hal_tim.o
                0x08003010                HAL_TIM_PWM_Start
 .text.HAL_TIM_PWM_Stop
                0x080031a0       0xe0 ./Drivers/STM32F4xx_HAL_Driver/Src/stm32f4xx_hal_tim.o
                0x080031a0                HAL_TIM_PWM_Stop
 .text.HAL_TIM_PWM_ConfigChannel
                0x08003280      0x184 ./Drivers/STM32F4xx_HAL_Driver/Src/stm32f4xx_hal_tim.o
                0x08003280                HAL_TIM_PWM_ConfigChannel
 .text.HAL_TIM_ConfigClockSource
                0x08003404      0x18e ./Drivers/STM32F4xx_HAL_Driver/Src/stm32f4xx_hal_tim.o
                0x08003404                HAL_TIM_ConfigClockSource
 *fill*         0x08003592        0x2 
 .text.TIM_Base_SetConfig
                0x08003594      0x14c ./Drivers/STM32F4xx_HAL_Driver/Src/stm32f4xx_hal_tim.o
                0x08003594                TIM_Base_SetConfig
 .text.TIM_OC1_SetConfig
                0x080036e0       0xe0 ./Drivers/STM32F4xx_HAL_Driver/Src/stm32f4xx_hal_tim.o
 .text.TIM_OC2_SetConfig
                0x080037c0       0xec ./Drivers/STM32F4xx_HAL_Driver/Src/stm32f4xx_hal_tim.o
                0x080037c0                TIM_OC2_SetConfig
 .text.TIM_OC3_SetConfig
                0x080038ac       0xe8 ./Drivers/STM32F4xx_HAL_Driver/Src/stm32f4xx_hal_tim.o
 .text.TIM_OC4_SetConfig
                0x08003994       0xac ./Drivers/STM32F4xx_HAL_Driver/Src/stm32f4xx_hal_tim.o
 .text.TIM_TI1_ConfigInputStage
                0x08003a40       0x5e ./Drivers/STM32F4xx_HAL_Driver/Src/stm32f4xx_hal_tim.o
 .text.TIM_TI2_ConfigInputStage
                0x08003a9e       0x60 ./Drivers/STM32F4xx_HAL_Driver/Src/stm32f4xx_hal_tim.o
 .text.TIM_ITRx_SetConfig
                0x08003afe       0x36 ./Drivers/STM32F4xx_HAL_Driver/Src/stm32f4xx_hal_tim.o
 .text.TIM_ETR_SetConfig
                0x08003b34       0x40 ./Drivers/STM32F4xx_HAL_Driver/Src/stm32f4xx_hal_tim.o
                0x08003b34                TIM_ETR_SetConfig
 .text.TIM_CCxChannelCmd
                0x08003b74       0x4a ./Drivers/STM32F4xx_HAL_Driver/Src/stm32f4xx_hal_tim.o
                0x08003b74                TIM_CCxChannelCmd
 *fill*         0x08003bbe        0x2 
 .text.HAL_TIMEx_MasterConfigSynchronization
                0x08003bc0       0xf8 ./Drivers/STM32F4xx_HAL_Driver/Src/stm32f4xx_hal_tim_ex.o
                0x08003bc0                HAL_TIMEx_MasterConfigSynchronization
 .text.Start_Motor
                0x08003cb8       0x5c ./Motor_Driver/motor_driver.o
                0x08003cb8                Start_Motor
 .text.Update_Motor_Speed
                0x08003d14       0x20 ./Motor_Driver/motor_driver.o
                0x08003d14                Update_Motor_Speed
 .text.Stop_Motor
                0x08003d34       0x34 ./Motor_Driver/motor_driver.o
                0x08003d34                Stop_Motor
 .text._scs_get_lin_sys_method
                0x08003d68       0x14 ./solver_code/linsys/cpu/direct/private.o
                0x08003d68                _scs_get_lin_sys_method
 .text.form_kkt
                0x08003d7c      0x456 ./solver_code/linsys/cpu/direct/private.o
 .text._ldl_init
                0x080041d2       0x42 ./solver_code/linsys/cpu/direct/private.o
 .text.ldl_prepare
                0x08004214      0x150 ./solver_code/linsys/cpu/direct/private.o
 .text.ldl_factor
                0x08004364       0xd0 ./solver_code/linsys/cpu/direct/private.o
 .text._ldl_perm
                0x08004434       0x50 ./solver_code/linsys/cpu/direct/private.o
 .text._ldl_permt
                0x08004484       0x50 ./solver_code/linsys/cpu/direct/private.o
 .text._ldl_solve
                0x080044d4       0x50 ./solver_code/linsys/cpu/direct/private.o
 .text.cs_pinv  0x08004524       0x5e ./solver_code/linsys/cpu/direct/private.o
 .text.cs_symperm
                0x08004582      0x220 ./solver_code/linsys/cpu/direct/private.o
 *fill*         0x080047a2        0x2 
 .text.permute_kkt
                0x080047a4       0xe8 ./solver_code/linsys/cpu/direct/private.o
 .text._scs_update_lin_sys_diag_r
                0x0800488c       0xd8 ./solver_code/linsys/cpu/direct/private.o
                0x0800488c                _scs_update_lin_sys_diag_r
 .text._scs_init_lin_sys_work
                0x08004964       0xfc ./solver_code/linsys/cpu/direct/private.o
                0x08004964                _scs_init_lin_sys_work
 .text._scs_solve_lin_sys
                0x08004a60       0x34 ./solver_code/linsys/cpu/direct/private.o
                0x08004a60                _scs_solve_lin_sys
 .text._scs_cs_spalloc
                0x08004a94       0xd0 ./solver_code/linsys/csparse.o
                0x08004a94                _scs_cs_spalloc
 .text._scs_cs_done
                0x08004b64       0x34 ./solver_code/linsys/csparse.o
                0x08004b64                _scs_cs_done
 .text._scs_cs_compress
                0x08004b98      0x144 ./solver_code/linsys/csparse.o
                0x08004b98                _scs_cs_compress
 .text._scs_cumsum
                0x08004cdc       0xc0 ./solver_code/linsys/csparse.o
                0x08004cdc                _scs_cumsum
 .text._scs_cs_spfree
                0x08004d9c       0x40 ./solver_code/linsys/csparse.o
                0x08004d9c                _scs_cs_spfree
 .text._scs_copy_matrix
                0x08004ddc       0xf0 ./solver_code/linsys/scs_matrix.o
                0x08004ddc                _scs_copy_matrix
 .text._scs_validate_lin_sys
                0x08004ecc      0x1a4 ./solver_code/linsys/scs_matrix.o
                0x08004ecc                _scs_validate_lin_sys
 .text.apply_limit
                0x08005070       0x7c ./solver_code/linsys/scs_matrix.o
 *fill*         0x080050ec        0x4 
 .text.compute_ruiz_mats
                0x080050f0      0x4ec ./solver_code/linsys/scs_matrix.o
 *fill*         0x080055dc        0x4 
 .text.compute_l2_mats
                0x080055e0      0x420 ./solver_code/linsys/scs_matrix.o
 .text.rescale  0x08005a00      0x25e ./solver_code/linsys/scs_matrix.o
 *fill*         0x08005c5e        0x2 
 .text._scs_normalize_a_p
                0x08005c60      0x164 ./solver_code/linsys/scs_matrix.o
                0x08005c60                _scs_normalize_a_p
 .text._scs_accum_by_atrans
                0x08005dc4       0xc8 ./solver_code/linsys/scs_matrix.o
                0x08005dc4                _scs_accum_by_atrans
 .text._scs_accum_by_a
                0x08005e8c       0xc0 ./solver_code/linsys/scs_matrix.o
                0x08005e8c                _scs_accum_by_a
 .text._scs_accum_by_p
                0x08005f4c       0xd0 ./solver_code/linsys/scs_matrix.o
                0x08005f4c                _scs_accum_by_p
 .text.SuiteSparse_malloc
                0x0800601c       0x84 ./solver_code/linsys/external/amd/SuiteSparse_config.o
                0x0800601c                SuiteSparse_malloc
 .text.SuiteSparse_free
                0x080060a0       0x24 ./solver_code/linsys/external/amd/SuiteSparse_config.o
                0x080060a0                SuiteSparse_free
 .text.SuiteSparse_hypot
                0x080060c4      0x158 ./solver_code/linsys/external/amd/SuiteSparse_config.o
                0x080060c4                SuiteSparse_hypot
 .text.SuiteSparse_divcomplex
                0x0800621c      0x1aa ./solver_code/linsys/external/amd/SuiteSparse_config.o
                0x0800621c                SuiteSparse_divcomplex
 .text.amd_1    0x080063c6      0x2c8 ./solver_code/linsys/external/amd/amd_1.o
                0x080063c6                amd_1
 .text.clear_flag
                0x0800668e       0x5c ./solver_code/linsys/external/amd/amd_2.o
 *fill*         0x080066ea        0x2 
 .text.amd_2    0x080066ec     0x1fb8 ./solver_code/linsys/external/amd/amd_2.o
                0x080066ec                amd_2
 .text.amd_aat  0x080086a4      0x2f0 ./solver_code/linsys/external/amd/amd_aat.o
                0x080086a4                amd_aat
 .text.amd_order
                0x08008994      0x44c ./solver_code/linsys/external/amd/amd_order.o
                0x08008994                amd_order
 .text.amd_post_tree
                0x08008de0       0xce ./solver_code/linsys/external/amd/amd_post_tree.o
                0x08008de0                amd_post_tree
 .text.amd_postorder
                0x08008eae      0x1ec ./solver_code/linsys/external/amd/amd_postorder.o
                0x08008eae                amd_postorder
 .text.amd_preprocess
                0x0800909a      0x1b0 ./solver_code/linsys/external/amd/amd_preprocess.o
                0x0800909a                amd_preprocess
 .text.amd_valid
                0x0800924a       0xe4 ./solver_code/linsys/external/amd/amd_valid.o
                0x0800924a                amd_valid
 .text.QDLDL_etree
                0x0800932e      0x16e ./solver_code/linsys/external/qdldl/qdldl.o
                0x0800932e                QDLDL_etree
 .text.QDLDL_factor
                0x0800949c      0x434 ./solver_code/linsys/external/qdldl/qdldl.o
                0x0800949c                QDLDL_factor
 .text.QDLDL_Lsolve
                0x080098d0       0xb6 ./solver_code/linsys/external/qdldl/qdldl.o
                0x080098d0                QDLDL_Lsolve
 .text.QDLDL_Ltsolve
                0x08009986       0xaa ./solver_code/linsys/external/qdldl/qdldl.o
                0x08009986                QDLDL_Ltsolve
 .text.QDLDL_solve
                0x08009a30       0x76 ./solver_code/linsys/external/qdldl/qdldl.o
                0x08009a30                QDLDL_solve
 .text.aa_init  0x08009aa6       0x2c ./solver_code/src/aa.o
                0x08009aa6                aa_init
 .text.aa_apply
                0x08009ad2       0x2a ./solver_code/src/aa.o
                0x08009ad2                aa_apply
 .text.aa_safeguard
                0x08009afc       0x1a ./solver_code/src/aa.o
                0x08009afc                aa_safeguard
 .text.aa_reset
                0x08009b16       0x14 ./solver_code/src/aa.o
                0x08009b16                aa_reset
 .text._scs_deep_copy_cone
                0x08009b2a      0x132 ./solver_code/src/cones.o
                0x08009b2a                _scs_deep_copy_cone
 .text._scs_set_r_y
                0x08009c5c       0xa4 ./solver_code/src/cones.o
                0x08009c5c                _scs_set_r_y
 .text._scs_enforce_cone_boundaries
                0x08009d00       0x86 ./solver_code/src/cones.o
                0x08009d00                _scs_enforce_cone_boundaries
 .text.get_sd_cone_size
                0x08009d86       0x24 ./solver_code/src/cones.o
 .text.set_cone_boundaries
                0x08009daa      0x15a ./solver_code/src/cones.o
                0x08009daa                set_cone_boundaries
 .text.get_full_cone_dims
                0x08009f04       0xd4 ./solver_code/src/cones.o
 .text._scs_validate_cones
                0x08009fd8      0x278 ./solver_code/src/cones.o
                0x08009fd8                _scs_validate_cones
 .text._scs_finish_cone
                0x0800a250       0x40 ./solver_code/src/cones.o
                0x0800a250                _scs_finish_cone
 .text._scs_get_cone_header
                0x0800a290      0x1bc ./solver_code/src/cones.o
                0x0800a290                _scs_get_cone_header
 *fill*         0x0800a44c        0x4 
 .text.exp_newton_one_d
                0x0800a450      0x3c4 ./solver_code/src/cones.o
 .text.exp_solve_for_x_with_rho
                0x0800a814       0xb6 ./solver_code/src/cones.o
 *fill*         0x0800a8ca        0x6 
 .text.exp_calc_grad
                0x0800a8d0       0xb8 ./solver_code/src/cones.o
 .text.exp_get_rho_ub
                0x0800a988       0x96 ./solver_code/src/cones.o
 *fill*         0x0800aa1e        0x2 
 .text.proj_exp_cone
                0x0800aa20      0x350 ./solver_code/src/cones.o
 .text.set_up_sd_cone_work_space
                0x0800ad70       0x54 ./solver_code/src/cones.o
 *fill*         0x0800adc4        0x4 
 .text.proj_semi_definite_cone
                0x0800adc8       0x88 ./solver_code/src/cones.o
 .text.pow_calc_x
                0x0800ae50       0xf8 ./solver_code/src/cones.o
 .text.pow_calcdxdr
                0x0800af48       0x88 ./solver_code/src/cones.o
 .text.pow_calc_f
                0x0800afd0       0x84 ./solver_code/src/cones.o
 .text.pow_calc_fp
                0x0800b054      0x100 ./solver_code/src/cones.o
 *fill*         0x0800b154        0x4 
 .text.normalize_box_cone
                0x0800b158      0x168 ./solver_code/src/cones.o
 .text.proj_box_cone
                0x0800b2c0      0x5f8 ./solver_code/src/cones.o
 .text.proj_soc
                0x0800b8b8      0x110 ./solver_code/src/cones.o
 .text.proj_power_cone
                0x0800b9c8      0x4ac ./solver_code/src/cones.o
 *fill*         0x0800be74        0x4 
 .text.proj_cone
                0x0800be78      0x4b0 ./solver_code/src/cones.o
 .text._scs_init_cone
                0x0800c328       0x74 ./solver_code/src/cones.o
                0x0800c328                _scs_init_cone
 .text.scale_box_cone
                0x0800c39c       0x60 ./solver_code/src/cones.o
                0x0800c39c                scale_box_cone
 .text._scs_proj_dual_cone
                0x0800c3fc      0x164 ./solver_code/src/cones.o
                0x0800c3fc                _scs_proj_dual_cone
 .text._scs_norm_diff
                0x0800c560       0x8e ./solver_code/src/linalg.o
                0x0800c560                _scs_norm_diff
 .text._scs_norm_inf_diff
                0x0800c5ee       0xe2 ./solver_code/src/linalg.o
                0x0800c5ee                _scs_norm_inf_diff
 .text._scs_scale_array
                0x0800c6d0       0x50 ./solver_code/src/linalg.o
                0x0800c6d0                _scs_scale_array
 .text._scs_dot
                0x0800c720       0x72 ./solver_code/src/linalg.o
                0x0800c720                _scs_dot
 .text._scs_norm_sq
                0x0800c792       0x70 ./solver_code/src/linalg.o
                0x0800c792                _scs_norm_sq
 .text._scs_norm_2
                0x0800c802       0x3c ./solver_code/src/linalg.o
                0x0800c802                _scs_norm_2
 .text._scs_norm_inf
                0x0800c83e       0x9c ./solver_code/src/linalg.o
                0x0800c83e                _scs_norm_inf
 .text._scs_add_scaled_array
                0x0800c8da       0x72 ./solver_code/src/linalg.o
                0x0800c8da                _scs_add_scaled_array
 .text._scs_mean
                0x0800c94c       0x6e ./solver_code/src/linalg.o
                0x0800c94c                _scs_mean
 *fill*         0x0800c9ba        0x6 
 .text._scs_normalize_b_c
                0x0800c9c0      0x1cc ./solver_code/src/normalize.o
                0x0800c9c0                _scs_normalize_b_c
 .text._scs_normalize_sol
                0x0800cb8c      0x140 ./solver_code/src/normalize.o
                0x0800cb8c                _scs_normalize_sol
 .text._scs_un_normalize_sol
                0x0800cccc      0x140 ./solver_code/src/normalize.o
                0x0800cccc                _scs_un_normalize_sol
 .text._scs_un_normalize_primal
                0x0800ce0c       0x76 ./solver_code/src/normalize.o
                0x0800ce0c                _scs_un_normalize_primal
 .text._scs_un_normalize_dual
                0x0800ce82       0x76 ./solver_code/src/normalize.o
                0x0800ce82                _scs_un_normalize_dual
 .text.write_scs_cone
                0x0800cef8       0xf6 ./solver_code/src/rw.o
 .text.write_scs_stgs
                0x0800cfee       0xe0 ./solver_code/src/rw.o
 .text.write_amatrix
                0x0800d0ce       0x72 ./solver_code/src/rw.o
 .text.write_scs_data
                0x0800d140       0x8e ./solver_code/src/rw.o
 *fill*         0x0800d1ce        0x2 
 .text._scs_write_data
                0x0800d1d0       0xa4 ./solver_code/src/rw.o
                0x0800d1d0                _scs_write_data
 .text._scs_log_data_to_csv
                0x0800d274      0x5ac ./solver_code/src/rw.o
                0x0800d274                _scs_log_data_to_csv
 .text.print_init_header
                0x0800d820      0x188 ./solver_code/src/scs.o
 .text.populate_on_failure
                0x0800d9a8      0x11c ./solver_code/src/scs.o
 .text.failure  0x0800dac4       0x3c ./solver_code/src/scs.o
 .text._is_nan  0x0800db00       0x2e ./solver_code/src/scs.o
 *fill*         0x0800db2e        0x2 
 .text.warm_start_vars
                0x0800db30      0x180 ./solver_code/src/scs.o
 .text.compute_residuals
                0x0800dcb0      0x27c ./solver_code/src/scs.o
 .text.unnormalize_residuals
                0x0800df2c      0x258 ./solver_code/src/scs.o
 *fill*         0x0800e184        0x4 
 .text.populate_residual_struct
                0x0800e188      0x550 ./solver_code/src/scs.o
 .text.cold_start_vars
                0x0800e6d8       0x50 ./solver_code/src/scs.o
 .text.dot_r    0x0800e728       0x98 ./solver_code/src/scs.o
 .text.root_plus
                0x0800e7c0      0x1dc ./solver_code/src/scs.o
 .text.project_lin_sys
                0x0800e99c      0x17c ./solver_code/src/scs.o
 .text.compute_rsk
                0x0800eb18       0xb6 ./solver_code/src/scs.o
 .text.update_dual_vars
                0x0800ebce       0xa4 ./solver_code/src/scs.o
 *fill*         0x0800ec72        0x2 
 .text.project_cones
                0x0800ec74      0x130 ./solver_code/src/scs.o
 .text.sety     0x0800eda4       0x50 ./solver_code/src/scs.o
 .text.sets     0x0800edf4       0x50 ./solver_code/src/scs.o
 .text.setx     0x0800ee44       0x46 ./solver_code/src/scs.o
 *fill*         0x0800ee8a        0x6 
 .text.set_solved
                0x0800ee90      0x1d8 ./solver_code/src/scs.o
 .text.set_infeasible
                0x0800f068       0xf0 ./solver_code/src/scs.o
 .text.set_unbounded
                0x0800f158      0x108 ./solver_code/src/scs.o
 .text.set_unfinished
                0x0800f260      0x124 ./solver_code/src/scs.o
 *fill*         0x0800f384        0x4 
 .text.finalize
                0x0800f388      0x238 ./solver_code/src/scs.o
 .text.print_summary
                0x0800f5c0       0xd8 ./solver_code/src/scs.o
 .text.print_header
                0x0800f698       0x90 ./solver_code/src/scs.o
 .text.print_footer
                0x0800f728      0x1ac ./solver_code/src/scs.o
 .text.has_converged
                0x0800f8d4      0x734 ./solver_code/src/scs.o
 .text.validate
                0x08010008      0x1bc ./solver_code/src/scs.o
 .text.init_residuals
                0x080101c4       0xa2 ./solver_code/src/scs.o
 .text.scs_update
                0x08010266       0xea ./solver_code/src/scs.o
                0x08010266                scs_update
 .text.set_diag_r
                0x08010350       0x8c ./solver_code/src/scs.o
 *fill*         0x080103dc        0x4 
 .text.init_work
                0x080103e0      0x3d0 ./solver_code/src/scs.o
 .text.update_work_cache
                0x080107b0       0x78 ./solver_code/src/scs.o
 .text.reset_tracking
                0x08010828       0x6c ./solver_code/src/scs.o
 .text.update_work
                0x08010894       0x74 ./solver_code/src/scs.o
 .text.should_update_r
                0x08010908       0x58 ./solver_code/src/scs.o
                0x08010908                should_update_r
 .text.update_scale
                0x08010960      0x918 ./solver_code/src/scs.o
 .text.normalize_v
                0x08011278       0x54 ./solver_code/src/scs.o
 .text.scs_solve
                0x080112cc      0x470 ./solver_code/src/scs.o
                0x080112cc                scs_solve
 .text.scs_init
                0x0801173c       0x94 ./solver_code/src/scs.o
                0x0801173c                scs_init
 .text.scs_version
                0x080117d0       0x14 ./solver_code/src/scs_version.o
                0x080117d0                scs_version
 .text._scs_tic
                0x080117e4       0x14 ./solver_code/src/util.o
                0x080117e4                _scs_tic
 .text._scs_tocq
                0x080117f8       0x28 ./solver_code/src/util.o
                0x080117f8                _scs_tocq
 .text._scs_deep_copy_data
                0x08011820       0x96 ./solver_code/src/util.o
                0x08011820                _scs_deep_copy_data
 .text._scs_deep_copy_stgs
                0x080118b6       0x60 ./solver_code/src/util.o
                0x080118b6                _scs_deep_copy_stgs
 *fill*         0x08011916        0x2 
 .text.calloc   0x08011918       0x10 D:/STM32CubeIDE_1.12.0/STM32CubeIDE/plugins/com.st.stm32cube.ide.mcu.externaltools.gnu-tools-for-stm32.12.3.rel1.win32_1.0.200.202406191623/tools/bin/../lib/gcc/arm-none-eabi/12.3.1/../../../../arm-none-eabi/lib/thumb/v7e-m+fp/hard\libc_nano.a(libc_a-calloc.o)
                0x08011918                calloc
 .text._calloc_r
                0x08011928       0x28 D:/STM32CubeIDE_1.12.0/STM32CubeIDE/plugins/com.st.stm32cube.ide.mcu.externaltools.gnu-tools-for-stm32.12.3.rel1.win32_1.0.200.202406191623/tools/bin/../lib/gcc/arm-none-eabi/12.3.1/../../../../arm-none-eabi/lib/thumb/v7e-m+fp/hard\libc_nano.a(libc_a-callocr.o)
                0x08011928                _calloc_r
 .text.malloc   0x08011950       0x10 D:/STM32CubeIDE_1.12.0/STM32CubeIDE/plugins/com.st.stm32cube.ide.mcu.externaltools.gnu-tools-for-stm32.12.3.rel1.win32_1.0.200.202406191623/tools/bin/../lib/gcc/arm-none-eabi/12.3.1/../../../../arm-none-eabi/lib/thumb/v7e-m+fp/hard\libc_nano.a(libc_a-malloc.o)
                0x08011950                malloc
 .text.free     0x08011960       0x10 D:/STM32CubeIDE_1.12.0/STM32CubeIDE/plugins/com.st.stm32cube.ide.mcu.externaltools.gnu-tools-for-stm32.12.3.rel1.win32_1.0.200.202406191623/tools/bin/../lib/gcc/arm-none-eabi/12.3.1/../../../../arm-none-eabi/lib/thumb/v7e-m+fp/hard\libc_nano.a(libc_a-malloc.o)
                0x08011960                free
 .text.sbrk_aligned
                0x08011970       0x44 D:/STM32CubeIDE_1.12.0/STM32CubeIDE/plugins/com.st.stm32cube.ide.mcu.externaltools.gnu-tools-for-stm32.12.3.rel1.win32_1.0.200.202406191623/tools/bin/../lib/gcc/arm-none-eabi/12.3.1/../../../../arm-none-eabi/lib/thumb/v7e-m+fp/hard\libc_nano.a(libc_a-mallocr.o)
 .text._malloc_r
                0x080119b4      0x100 D:/STM32CubeIDE_1.12.0/STM32CubeIDE/plugins/com.st.stm32cube.ide.mcu.externaltools.gnu-tools-for-stm32.12.3.rel1.win32_1.0.200.202406191623/tools/bin/../lib/gcc/arm-none-eabi/12.3.1/../../../../arm-none-eabi/lib/thumb/v7e-m+fp/hard\libc_nano.a(libc_a-mallocr.o)
                0x080119b4                _malloc_r
 .text.__malloc_lock
                0x08011ab4        0xc D:/STM32CubeIDE_1.12.0/STM32CubeIDE/plugins/com.st.stm32cube.ide.mcu.externaltools.gnu-tools-for-stm32.12.3.rel1.win32_1.0.200.202406191623/tools/bin/../lib/gcc/arm-none-eabi/12.3.1/../../../../arm-none-eabi/lib/thumb/v7e-m+fp/hard\libc_nano.a(libc_a-mlock.o)
                0x08011ab4                __malloc_lock
 .text.__malloc_unlock
                0x08011ac0        0xc D:/STM32CubeIDE_1.12.0/STM32CubeIDE/plugins/com.st.stm32cube.ide.mcu.externaltools.gnu-tools-for-stm32.12.3.rel1.win32_1.0.200.202406191623/tools/bin/../lib/gcc/arm-none-eabi/12.3.1/../../../../arm-none-eabi/lib/thumb/v7e-m+fp/hard\libc_nano.a(libc_a-mlock.o)
                0x08011ac0                __malloc_unlock
 .text.realloc  0x08011acc       0x10 D:/STM32CubeIDE_1.12.0/STM32CubeIDE/plugins/com.st.stm32cube.ide.mcu.externaltools.gnu-tools-for-stm32.12.3.rel1.win32_1.0.200.202406191623/tools/bin/../lib/gcc/arm-none-eabi/12.3.1/../../../../arm-none-eabi/lib/thumb/v7e-m+fp/hard\libc_nano.a(libc_a-realloc.o)
                0x08011acc                realloc
 .text._realloc_r
                0x08011adc       0x5c D:/STM32CubeIDE_1.12.0/STM32CubeIDE/plugins/com.st.stm32cube.ide.mcu.externaltools.gnu-tools-for-stm32.12.3.rel1.win32_1.0.200.202406191623/tools/bin/../lib/gcc/arm-none-eabi/12.3.1/../../../../arm-none-eabi/lib/thumb/v7e-m+fp/hard\libc_nano.a(libc_a-reallocr.o)
                0x08011adc                _realloc_r
 .text._fclose_r
                0x08011b38       0xaa D:/STM32CubeIDE_1.12.0/STM32CubeIDE/plugins/com.st.stm32cube.ide.mcu.externaltools.gnu-tools-for-stm32.12.3.rel1.win32_1.0.200.202406191623/tools/bin/../lib/gcc/arm-none-eabi/12.3.1/../../../../arm-none-eabi/lib/thumb/v7e-m+fp/hard\libc_nano.a(libc_a-fclose.o)
                0x08011b38                _fclose_r
 *fill*         0x08011be2        0x2 
 .text.fclose   0x08011be4       0x10 D:/STM32CubeIDE_1.12.0/STM32CubeIDE/plugins/com.st.stm32cube.ide.mcu.externaltools.gnu-tools-for-stm32.12.3.rel1.win32_1.0.200.202406191623/tools/bin/../lib/gcc/arm-none-eabi/12.3.1/../../../../arm-none-eabi/lib/thumb/v7e-m+fp/hard\libc_nano.a(libc_a-fclose.o)
                0x08011be4                fclose
 .text.__sflush_r
                0x08011bf4      0x108 D:/STM32CubeIDE_1.12.0/STM32CubeIDE/plugins/com.st.stm32cube.ide.mcu.externaltools.gnu-tools-for-stm32.12.3.rel1.win32_1.0.200.202406191623/tools/bin/../lib/gcc/arm-none-eabi/12.3.1/../../../../arm-none-eabi/lib/thumb/v7e-m+fp/hard\libc_nano.a(libc_a-fflush.o)
                0x08011bf4                __sflush_r
 .text._fflush_r
                0x08011cfc       0x50 D:/STM32CubeIDE_1.12.0/STM32CubeIDE/plugins/com.st.stm32cube.ide.mcu.externaltools.gnu-tools-for-stm32.12.3.rel1.win32_1.0.200.202406191623/tools/bin/../lib/gcc/arm-none-eabi/12.3.1/../../../../arm-none-eabi/lib/thumb/v7e-m+fp/hard\libc_nano.a(libc_a-fflush.o)
                0x08011cfc                _fflush_r
 .text.std      0x08011d4c       0x6c D:/STM32CubeIDE_1.12.0/STM32CubeIDE/plugins/com.st.stm32cube.ide.mcu.externaltools.gnu-tools-for-stm32.12.3.rel1.win32_1.0.200.202406191623/tools/bin/../lib/gcc/arm-none-eabi/12.3.1/../../../../arm-none-eabi/lib/thumb/v7e-m+fp/hard\libc_nano.a(libc_a-findfp.o)
 .text.stdio_exit_handler
                0x08011db8       0x18 D:/STM32CubeIDE_1.12.0/STM32CubeIDE/plugins/com.st.stm32cube.ide.mcu.externaltools.gnu-tools-for-stm32.12.3.rel1.win32_1.0.200.202406191623/tools/bin/../lib/gcc/arm-none-eabi/12.3.1/../../../../arm-none-eabi/lib/thumb/v7e-m+fp/hard\libc_nano.a(libc_a-findfp.o)
 .text.cleanup_stdio
                0x08011dd0       0x40 D:/STM32CubeIDE_1.12.0/STM32CubeIDE/plugins/com.st.stm32cube.ide.mcu.externaltools.gnu-tools-for-stm32.12.3.rel1.win32_1.0.200.202406191623/tools/bin/../lib/gcc/arm-none-eabi/12.3.1/../../../../arm-none-eabi/lib/thumb/v7e-m+fp/hard\libc_nano.a(libc_a-findfp.o)
 .text.global_stdio_init.part.0
                0x08011e10       0x3c D:/STM32CubeIDE_1.12.0/STM32CubeIDE/plugins/com.st.stm32cube.ide.mcu.externaltools.gnu-tools-for-stm32.12.3.rel1.win32_1.0.200.202406191623/tools/bin/../lib/gcc/arm-none-eabi/12.3.1/../../../../arm-none-eabi/lib/thumb/v7e-m+fp/hard\libc_nano.a(libc_a-findfp.o)
 .text.__sfp_lock_acquire
                0x08011e4c        0xc D:/STM32CubeIDE_1.12.0/STM32CubeIDE/plugins/com.st.stm32cube.ide.mcu.externaltools.gnu-tools-for-stm32.12.3.rel1.win32_1.0.200.202406191623/tools/bin/../lib/gcc/arm-none-eabi/12.3.1/../../../../arm-none-eabi/lib/thumb/v7e-m+fp/hard\libc_nano.a(libc_a-findfp.o)
                0x08011e4c                __sfp_lock_acquire
 .text.__sfp_lock_release
                0x08011e58        0xc D:/STM32CubeIDE_1.12.0/STM32CubeIDE/plugins/com.st.stm32cube.ide.mcu.externaltools.gnu-tools-for-stm32.12.3.rel1.win32_1.0.200.202406191623/tools/bin/../lib/gcc/arm-none-eabi/12.3.1/../../../../arm-none-eabi/lib/thumb/v7e-m+fp/hard\libc_nano.a(libc_a-findfp.o)
                0x08011e58                __sfp_lock_release
 .text.__sfp    0x08011e64       0xa4 D:/STM32CubeIDE_1.12.0/STM32CubeIDE/plugins/com.st.stm32cube.ide.mcu.externaltools.gnu-tools-for-stm32.12.3.rel1.win32_1.0.200.202406191623/tools/bin/../lib/gcc/arm-none-eabi/12.3.1/../../../../arm-none-eabi/lib/thumb/v7e-m+fp/hard\libc_nano.a(libc_a-findfp.o)
                0x08011e64                __sfp
 .text.__sinit  0x08011f08       0x30 D:/STM32CubeIDE_1.12.0/STM32CubeIDE/plugins/com.st.stm32cube.ide.mcu.externaltools.gnu-tools-for-stm32.12.3.rel1.win32_1.0.200.202406191623/tools/bin/../lib/gcc/arm-none-eabi/12.3.1/../../../../arm-none-eabi/lib/thumb/v7e-m+fp/hard\libc_nano.a(libc_a-findfp.o)
                0x08011f08                __sinit
 .text._fopen_r
                0x08011f38       0xa8 D:/STM32CubeIDE_1.12.0/STM32CubeIDE/plugins/com.st.stm32cube.ide.mcu.externaltools.gnu-tools-for-stm32.12.3.rel1.win32_1.0.200.202406191623/tools/bin/../lib/gcc/arm-none-eabi/12.3.1/../../../../arm-none-eabi/lib/thumb/v7e-m+fp/hard\libc_nano.a(libc_a-fopen.o)
                0x08011f38                _fopen_r
 .text.fopen    0x08011fe0       0x10 D:/STM32CubeIDE_1.12.0/STM32CubeIDE/plugins/com.st.stm32cube.ide.mcu.externaltools.gnu-tools-for-stm32.12.3.rel1.win32_1.0.200.202406191623/tools/bin/../lib/gcc/arm-none-eabi/12.3.1/../../../../arm-none-eabi/lib/thumb/v7e-m+fp/hard\libc_nano.a(libc_a-fopen.o)
                0x08011fe0                fopen
 .text.fprintf  0x08011ff0       0x24 D:/STM32CubeIDE_1.12.0/STM32CubeIDE/plugins/com.st.stm32cube.ide.mcu.externaltools.gnu-tools-for-stm32.12.3.rel1.win32_1.0.200.202406191623/tools/bin/../lib/gcc/arm-none-eabi/12.3.1/../../../../arm-none-eabi/lib/thumb/v7e-m+fp/hard\libc_nano.a(libc_a-fprintf.o)
                0x08011ff0                fiprintf
                0x08011ff0                fprintf
 .text._fputc_r
                0x08012014       0x46 D:/STM32CubeIDE_1.12.0/STM32CubeIDE/plugins/com.st.stm32cube.ide.mcu.externaltools.gnu-tools-for-stm32.12.3.rel1.win32_1.0.200.202406191623/tools/bin/../lib/gcc/arm-none-eabi/12.3.1/../../../../arm-none-eabi/lib/thumb/v7e-m+fp/hard\libc_nano.a(libc_a-fputc.o)
                0x08012014                _fputc_r
 *fill*         0x0801205a        0x2 
 .text.fputc    0x0801205c       0x10 D:/STM32CubeIDE_1.12.0/STM32CubeIDE/plugins/com.st.stm32cube.ide.mcu.externaltools.gnu-tools-for-stm32.12.3.rel1.win32_1.0.200.202406191623/tools/bin/../lib/gcc/arm-none-eabi/12.3.1/../../../../arm-none-eabi/lib/thumb/v7e-m+fp/hard\libc_nano.a(libc_a-fputc.o)
                0x0801205c                fputc
 .text._fseek_r
                0x0801206c        0x4 D:/STM32CubeIDE_1.12.0/STM32CubeIDE/plugins/com.st.stm32cube.ide.mcu.externaltools.gnu-tools-for-stm32.12.3.rel1.win32_1.0.200.202406191623/tools/bin/../lib/gcc/arm-none-eabi/12.3.1/../../../../arm-none-eabi/lib/thumb/v7e-m+fp/hard\libc_nano.a(libc_a-fseek.o)
                0x0801206c                _fseek_r
 .text._fwalk_sglue
                0x08012070       0x3c D:/STM32CubeIDE_1.12.0/STM32CubeIDE/plugins/com.st.stm32cube.ide.mcu.externaltools.gnu-tools-for-stm32.12.3.rel1.win32_1.0.200.202406191623/tools/bin/../lib/gcc/arm-none-eabi/12.3.1/../../../../arm-none-eabi/lib/thumb/v7e-m+fp/hard\libc_nano.a(libc_a-fwalk.o)
                0x08012070                _fwalk_sglue
 .text._fwrite_r
                0x080120ac       0x96 D:/STM32CubeIDE_1.12.0/STM32CubeIDE/plugins/com.st.stm32cube.ide.mcu.externaltools.gnu-tools-for-stm32.12.3.rel1.win32_1.0.200.202406191623/tools/bin/../lib/gcc/arm-none-eabi/12.3.1/../../../../arm-none-eabi/lib/thumb/v7e-m+fp/hard\libc_nano.a(libc_a-fwrite.o)
                0x080120ac                _fwrite_r
 *fill*         0x08012142        0x2 
 .text.fwrite   0x08012144       0x1c D:/STM32CubeIDE_1.12.0/STM32CubeIDE/plugins/com.st.stm32cube.ide.mcu.externaltools.gnu-tools-for-stm32.12.3.rel1.win32_1.0.200.202406191623/tools/bin/../lib/gcc/arm-none-eabi/12.3.1/../../../../arm-none-eabi/lib/thumb/v7e-m+fp/hard\libc_nano.a(libc_a-fwrite.o)
                0x08012144                fwrite
 .text.printf   0x08012160       0x24 D:/STM32CubeIDE_1.12.0/STM32CubeIDE/plugins/com.st.stm32cube.ide.mcu.externaltools.gnu-tools-for-stm32.12.3.rel1.win32_1.0.200.202406191623/tools/bin/../lib/gcc/arm-none-eabi/12.3.1/../../../../arm-none-eabi/lib/thumb/v7e-m+fp/hard\libc_nano.a(libc_a-printf.o)
                0x08012160                iprintf
                0x08012160                printf
 .text._putc_r  0x08012184       0x68 D:/STM32CubeIDE_1.12.0/STM32CubeIDE/plugins/com.st.stm32cube.ide.mcu.externaltools.gnu-tools-for-stm32.12.3.rel1.win32_1.0.200.202406191623/tools/bin/../lib/gcc/arm-none-eabi/12.3.1/../../../../arm-none-eabi/lib/thumb/v7e-m+fp/hard\libc_nano.a(libc_a-putc.o)
                0x08012184                _putc_r
 .text.putchar  0x080121ec       0x10 D:/STM32CubeIDE_1.12.0/STM32CubeIDE/plugins/com.st.stm32cube.ide.mcu.externaltools.gnu-tools-for-stm32.12.3.rel1.win32_1.0.200.202406191623/tools/bin/../lib/gcc/arm-none-eabi/12.3.1/../../../../arm-none-eabi/lib/thumb/v7e-m+fp/hard\libc_nano.a(libc_a-putchar.o)
                0x080121ec                putchar
 .text._puts_r  0x080121fc       0xaa D:/STM32CubeIDE_1.12.0/STM32CubeIDE/plugins/com.st.stm32cube.ide.mcu.externaltools.gnu-tools-for-stm32.12.3.rel1.win32_1.0.200.202406191623/tools/bin/../lib/gcc/arm-none-eabi/12.3.1/../../../../arm-none-eabi/lib/thumb/v7e-m+fp/hard\libc_nano.a(libc_a-puts.o)
                0x080121fc                _puts_r
 *fill*         0x080122a6        0x2 
 .text.puts     0x080122a8       0x10 D:/STM32CubeIDE_1.12.0/STM32CubeIDE/plugins/com.st.stm32cube.ide.mcu.externaltools.gnu-tools-for-stm32.12.3.rel1.win32_1.0.200.202406191623/tools/bin/../lib/gcc/arm-none-eabi/12.3.1/../../../../arm-none-eabi/lib/thumb/v7e-m+fp/hard\libc_nano.a(libc_a-puts.o)
                0x080122a8                puts
 .text.sprintf  0x080122b8       0x40 D:/STM32CubeIDE_1.12.0/STM32CubeIDE/plugins/com.st.stm32cube.ide.mcu.externaltools.gnu-tools-for-stm32.12.3.rel1.win32_1.0.200.202406191623/tools/bin/../lib/gcc/arm-none-eabi/12.3.1/../../../../arm-none-eabi/lib/thumb/v7e-m+fp/hard\libc_nano.a(libc_a-sprintf.o)
                0x080122b8                siprintf
                0x080122b8                sprintf
 .text.__sread  0x080122f8       0x22 D:/STM32CubeIDE_1.12.0/STM32CubeIDE/plugins/com.st.stm32cube.ide.mcu.externaltools.gnu-tools-for-stm32.12.3.rel1.win32_1.0.200.202406191623/tools/bin/../lib/gcc/arm-none-eabi/12.3.1/../../../../arm-none-eabi/lib/thumb/v7e-m+fp/hard\libc_nano.a(libc_a-stdio.o)
                0x080122f8                __sread
 .text.__swrite
                0x0801231a       0x38 D:/STM32CubeIDE_1.12.0/STM32CubeIDE/plugins/com.st.stm32cube.ide.mcu.externaltools.gnu-tools-for-stm32.12.3.rel1.win32_1.0.200.202406191623/tools/bin/../lib/gcc/arm-none-eabi/12.3.1/../../../../arm-none-eabi/lib/thumb/v7e-m+fp/hard\libc_nano.a(libc_a-stdio.o)
                0x0801231a                __swrite
 .text.__sseek  0x08012352       0x24 D:/STM32CubeIDE_1.12.0/STM32CubeIDE/plugins/com.st.stm32cube.ide.mcu.externaltools.gnu-tools-for-stm32.12.3.rel1.win32_1.0.200.202406191623/tools/bin/../lib/gcc/arm-none-eabi/12.3.1/../../../../arm-none-eabi/lib/thumb/v7e-m+fp/hard\libc_nano.a(libc_a-stdio.o)
                0x08012352                __sseek
 .text.__sclose
                0x08012376        0x8 D:/STM32CubeIDE_1.12.0/STM32CubeIDE/plugins/com.st.stm32cube.ide.mcu.externaltools.gnu-tools-for-stm32.12.3.rel1.win32_1.0.200.202406191623/tools/bin/../lib/gcc/arm-none-eabi/12.3.1/../../../../arm-none-eabi/lib/thumb/v7e-m+fp/hard\libc_nano.a(libc_a-stdio.o)
                0x08012376                __sclose
 .text.__swbuf_r
                0x0801237e       0x7c D:/STM32CubeIDE_1.12.0/STM32CubeIDE/plugins/com.st.stm32cube.ide.mcu.externaltools.gnu-tools-for-stm32.12.3.rel1.win32_1.0.200.202406191623/tools/bin/../lib/gcc/arm-none-eabi/12.3.1/../../../../arm-none-eabi/lib/thumb/v7e-m+fp/hard\libc_nano.a(libc_a-wbuf.o)
                0x0801237e                __swbuf_r
 *fill*         0x080123fa        0x2 
 .text.__swsetup_r
                0x080123fc       0xac D:/STM32CubeIDE_1.12.0/STM32CubeIDE/plugins/com.st.stm32cube.ide.mcu.externaltools.gnu-tools-for-stm32.12.3.rel1.win32_1.0.200.202406191623/tools/bin/../lib/gcc/arm-none-eabi/12.3.1/../../../../arm-none-eabi/lib/thumb/v7e-m+fp/hard\libc_nano.a(libc_a-wsetup.o)
                0x080123fc                __swsetup_r
 .text._fseeko_r
                0x080124a8      0x12e D:/STM32CubeIDE_1.12.0/STM32CubeIDE/plugins/com.st.stm32cube.ide.mcu.externaltools.gnu-tools-for-stm32.12.3.rel1.win32_1.0.200.202406191623/tools/bin/../lib/gcc/arm-none-eabi/12.3.1/../../../../arm-none-eabi/lib/thumb/v7e-m+fp/hard\libc_nano.a(libc_a-fseeko.o)
                0x080124a8                _fseeko_r
 .text.memset   0x080125d6       0x10 D:/STM32CubeIDE_1.12.0/STM32CubeIDE/plugins/com.st.stm32cube.ide.mcu.externaltools.gnu-tools-for-stm32.12.3.rel1.win32_1.0.200.202406191623/tools/bin/../lib/gcc/arm-none-eabi/12.3.1/../../../../arm-none-eabi/lib/thumb/v7e-m+fp/hard\libc_nano.a(libc_a-memset.o)
                0x080125d6                memset
 *fill*         0x080125e6        0x2 
 .text.strdup   0x080125e8       0x10 D:/STM32CubeIDE_1.12.0/STM32CubeIDE/plugins/com.st.stm32cube.ide.mcu.externaltools.gnu-tools-for-stm32.12.3.rel1.win32_1.0.200.202406191623/tools/bin/../lib/gcc/arm-none-eabi/12.3.1/../../../../arm-none-eabi/lib/thumb/v7e-m+fp/hard\libc_nano.a(libc_a-strdup.o)
                0x080125e8                strdup
 .text._strdup_r
                0x080125f8       0x26 D:/STM32CubeIDE_1.12.0/STM32CubeIDE/plugins/com.st.stm32cube.ide.mcu.externaltools.gnu-tools-for-stm32.12.3.rel1.win32_1.0.200.202406191623/tools/bin/../lib/gcc/arm-none-eabi/12.3.1/../../../../arm-none-eabi/lib/thumb/v7e-m+fp/hard\libc_nano.a(libc_a-strdup_r.o)
                0x080125f8                _strdup_r
 *fill*         0x0801261e        0x2 
 .text._close_r
                0x08012620       0x20 D:/STM32CubeIDE_1.12.0/STM32CubeIDE/plugins/com.st.stm32cube.ide.mcu.externaltools.gnu-tools-for-stm32.12.3.rel1.win32_1.0.200.202406191623/tools/bin/../lib/gcc/arm-none-eabi/12.3.1/../../../../arm-none-eabi/lib/thumb/v7e-m+fp/hard\libc_nano.a(libc_a-closer.o)
                0x08012620                _close_r
 .text._lseek_r
                0x08012640       0x24 D:/STM32CubeIDE_1.12.0/STM32CubeIDE/plugins/com.st.stm32cube.ide.mcu.externaltools.gnu-tools-for-stm32.12.3.rel1.win32_1.0.200.202406191623/tools/bin/../lib/gcc/arm-none-eabi/12.3.1/../../../../arm-none-eabi/lib/thumb/v7e-m+fp/hard\libc_nano.a(libc_a-lseekr.o)
                0x08012640                _lseek_r
 .text._open_r  0x08012664       0x24 D:/STM32CubeIDE_1.12.0/STM32CubeIDE/plugins/com.st.stm32cube.ide.mcu.externaltools.gnu-tools-for-stm32.12.3.rel1.win32_1.0.200.202406191623/tools/bin/../lib/gcc/arm-none-eabi/12.3.1/../../../../arm-none-eabi/lib/thumb/v7e-m+fp/hard\libc_nano.a(libc_a-openr.o)
                0x08012664                _open_r
 .text._read_r  0x08012688       0x24 D:/STM32CubeIDE_1.12.0/STM32CubeIDE/plugins/com.st.stm32cube.ide.mcu.externaltools.gnu-tools-for-stm32.12.3.rel1.win32_1.0.200.202406191623/tools/bin/../lib/gcc/arm-none-eabi/12.3.1/../../../../arm-none-eabi/lib/thumb/v7e-m+fp/hard\libc_nano.a(libc_a-readr.o)
                0x08012688                _read_r
 .text._sbrk_r  0x080126ac       0x20 D:/STM32CubeIDE_1.12.0/STM32CubeIDE/plugins/com.st.stm32cube.ide.mcu.externaltools.gnu-tools-for-stm32.12.3.rel1.win32_1.0.200.202406191623/tools/bin/../lib/gcc/arm-none-eabi/12.3.1/../../../../arm-none-eabi/lib/thumb/v7e-m+fp/hard\libc_nano.a(libc_a-sbrkr.o)
                0x080126ac                _sbrk_r
 .text._write_r
                0x080126cc       0x24 D:/STM32CubeIDE_1.12.0/STM32CubeIDE/plugins/com.st.stm32cube.ide.mcu.externaltools.gnu-tools-for-stm32.12.3.rel1.win32_1.0.200.202406191623/tools/bin/../lib/gcc/arm-none-eabi/12.3.1/../../../../arm-none-eabi/lib/thumb/v7e-m+fp/hard\libc_nano.a(libc_a-writer.o)
                0x080126cc                _write_r
 .text.__errno  0x080126f0        0xc D:/STM32CubeIDE_1.12.0/STM32CubeIDE/plugins/com.st.stm32cube.ide.mcu.externaltools.gnu-tools-for-stm32.12.3.rel1.win32_1.0.200.202406191623/tools/bin/../lib/gcc/arm-none-eabi/12.3.1/../../../../arm-none-eabi/lib/thumb/v7e-m+fp/hard\libc_nano.a(libc_a-errno.o)
                0x080126f0                __errno
 .text.__libc_init_array
                0x080126fc       0x48 D:/STM32CubeIDE_1.12.0/STM32CubeIDE/plugins/com.st.stm32cube.ide.mcu.externaltools.gnu-tools-for-stm32.12.3.rel1.win32_1.0.200.202406191623/tools/bin/../lib/gcc/arm-none-eabi/12.3.1/../../../../arm-none-eabi/lib/thumb/v7e-m+fp/hard\libc_nano.a(libc_a-init.o)
                0x080126fc                __libc_init_array
 .text.__retarget_lock_init_recursive
                0x08012744        0x2 D:/STM32CubeIDE_1.12.0/STM32CubeIDE/plugins/com.st.stm32cube.ide.mcu.externaltools.gnu-tools-for-stm32.12.3.rel1.win32_1.0.200.202406191623/tools/bin/../lib/gcc/arm-none-eabi/12.3.1/../../../../arm-none-eabi/lib/thumb/v7e-m+fp/hard\libc_nano.a(libc_a-lock.o)
                0x08012744                __retarget_lock_init_recursive
 .text.__retarget_lock_close_recursive
                0x08012746        0x2 D:/STM32CubeIDE_1.12.0/STM32CubeIDE/plugins/com.st.stm32cube.ide.mcu.externaltools.gnu-tools-for-stm32.12.3.rel1.win32_1.0.200.202406191623/tools/bin/../lib/gcc/arm-none-eabi/12.3.1/../../../../arm-none-eabi/lib/thumb/v7e-m+fp/hard\libc_nano.a(libc_a-lock.o)
                0x08012746                __retarget_lock_close_recursive
 .text.__retarget_lock_acquire_recursive
                0x08012748        0x2 D:/STM32CubeIDE_1.12.0/STM32CubeIDE/plugins/com.st.stm32cube.ide.mcu.externaltools.gnu-tools-for-stm32.12.3.rel1.win32_1.0.200.202406191623/tools/bin/../lib/gcc/arm-none-eabi/12.3.1/../../../../arm-none-eabi/lib/thumb/v7e-m+fp/hard\libc_nano.a(libc_a-lock.o)
                0x08012748                __retarget_lock_acquire_recursive
 .text.__retarget_lock_release_recursive
                0x0801274a        0x2 D:/STM32CubeIDE_1.12.0/STM32CubeIDE/plugins/com.st.stm32cube.ide.mcu.externaltools.gnu-tools-for-stm32.12.3.rel1.win32_1.0.200.202406191623/tools/bin/../lib/gcc/arm-none-eabi/12.3.1/../../../../arm-none-eabi/lib/thumb/v7e-m+fp/hard\libc_nano.a(libc_a-lock.o)
                0x0801274a                __retarget_lock_release_recursive
 .text.strcpy   0x0801274c       0x10 D:/STM32CubeIDE_1.12.0/STM32CubeIDE/plugins/com.st.stm32cube.ide.mcu.externaltools.gnu-tools-for-stm32.12.3.rel1.win32_1.0.200.202406191623/tools/bin/../lib/gcc/arm-none-eabi/12.3.1/../../../../arm-none-eabi/lib/thumb/v7e-m+fp/hard\libc_nano.a(libc_a-strcpy.o)
                0x0801274c                strcpy
 .text.memcpy   0x0801275c       0x1c D:/STM32CubeIDE_1.12.0/STM32CubeIDE/plugins/com.st.stm32cube.ide.mcu.externaltools.gnu-tools-for-stm32.12.3.rel1.win32_1.0.200.202406191623/tools/bin/../lib/gcc/arm-none-eabi/12.3.1/../../../../arm-none-eabi/lib/thumb/v7e-m+fp/hard\libc_nano.a(libc_a-memcpy-stub.o)
                0x0801275c                memcpy
 .text._free_r  0x08012778       0x94 D:/STM32CubeIDE_1.12.0/STM32CubeIDE/plugins/com.st.stm32cube.ide.mcu.externaltools.gnu-tools-for-stm32.12.3.rel1.win32_1.0.200.202406191623/tools/bin/../lib/gcc/arm-none-eabi/12.3.1/../../../../arm-none-eabi/lib/thumb/v7e-m+fp/hard\libc_nano.a(libc_a-freer.o)
                0x08012778                _free_r
 .text._malloc_usable_size_r
                0x0801280c       0x10 D:/STM32CubeIDE_1.12.0/STM32CubeIDE/plugins/com.st.stm32cube.ide.mcu.externaltools.gnu-tools-for-stm32.12.3.rel1.win32_1.0.200.202406191623/tools/bin/../lib/gcc/arm-none-eabi/12.3.1/../../../../arm-none-eabi/lib/thumb/v7e-m+fp/hard\libc_nano.a(libc_a-msizer.o)
                0x0801280c                _malloc_usable_size_r
 .text.__ssputs_r
                0x0801281c       0xb6 D:/STM32CubeIDE_1.12.0/STM32CubeIDE/plugins/com.st.stm32cube.ide.mcu.externaltools.gnu-tools-for-stm32.12.3.rel1.win32_1.0.200.202406191623/tools/bin/../lib/gcc/arm-none-eabi/12.3.1/../../../../arm-none-eabi/lib/thumb/v7e-m+fp/hard\libc_nano.a(libc_a-nano-svfprintf.o)
                0x0801281c                __ssputs_r
 *fill*         0x080128d2        0x2 
 .text._svfprintf_r
                0x080128d4      0x1f8 D:/STM32CubeIDE_1.12.0/STM32CubeIDE/plugins/com.st.stm32cube.ide.mcu.externaltools.gnu-tools-for-stm32.12.3.rel1.win32_1.0.200.202406191623/tools/bin/../lib/gcc/arm-none-eabi/12.3.1/../../../../arm-none-eabi/lib/thumb/v7e-m+fp/hard\libc_nano.a(libc_a-nano-svfprintf.o)
                0x080128d4                _svfiprintf_r
                0x080128d4                _svfprintf_r
 .text.__sfputc_r
                0x08012acc       0x2e D:/STM32CubeIDE_1.12.0/STM32CubeIDE/plugins/com.st.stm32cube.ide.mcu.externaltools.gnu-tools-for-stm32.12.3.rel1.win32_1.0.200.202406191623/tools/bin/../lib/gcc/arm-none-eabi/12.3.1/../../../../arm-none-eabi/lib/thumb/v7e-m+fp/hard\libc_nano.a(libc_a-nano-vfprintf.o)
 .text.__sfputs_r
                0x08012afa       0x24 D:/STM32CubeIDE_1.12.0/STM32CubeIDE/plugins/com.st.stm32cube.ide.mcu.externaltools.gnu-tools-for-stm32.12.3.rel1.win32_1.0.200.202406191623/tools/bin/../lib/gcc/arm-none-eabi/12.3.1/../../../../arm-none-eabi/lib/thumb/v7e-m+fp/hard\libc_nano.a(libc_a-nano-vfprintf.o)
                0x08012afa                __sfputs_r
 *fill*         0x08012b1e        0x2 
 .text._vfprintf_r
                0x08012b20      0x230 D:/STM32CubeIDE_1.12.0/STM32CubeIDE/plugins/com.st.stm32cube.ide.mcu.externaltools.gnu-tools-for-stm32.12.3.rel1.win32_1.0.200.202406191623/tools/bin/../lib/gcc/arm-none-eabi/12.3.1/../../../../arm-none-eabi/lib/thumb/v7e-m+fp/hard\libc_nano.a(libc_a-nano-vfprintf.o)
                0x08012b20                _vfprintf_r
                0x08012b20                _vfiprintf_r
 .text._printf_common
                0x08012d50       0xda D:/STM32CubeIDE_1.12.0/STM32CubeIDE/plugins/com.st.stm32cube.ide.mcu.externaltools.gnu-tools-for-stm32.12.3.rel1.win32_1.0.200.202406191623/tools/bin/../lib/gcc/arm-none-eabi/12.3.1/../../../../arm-none-eabi/lib/thumb/v7e-m+fp/hard\libc_nano.a(libc_a-nano-vfprintf_i.o)
                0x08012d50                _printf_common
 *fill*         0x08012e2a        0x2 
 .text._printf_i
                0x08012e2c      0x240 D:/STM32CubeIDE_1.12.0/STM32CubeIDE/plugins/com.st.stm32cube.ide.mcu.externaltools.gnu-tools-for-stm32.12.3.rel1.win32_1.0.200.202406191623/tools/bin/../lib/gcc/arm-none-eabi/12.3.1/../../../../arm-none-eabi/lib/thumb/v7e-m+fp/hard\libc_nano.a(libc_a-nano-vfprintf_i.o)
                0x08012e2c                _printf_i
 .text.__sflags
                0x0801306c       0x6c D:/STM32CubeIDE_1.12.0/STM32CubeIDE/plugins/com.st.stm32cube.ide.mcu.externaltools.gnu-tools-for-stm32.12.3.rel1.win32_1.0.200.202406191623/tools/bin/../lib/gcc/arm-none-eabi/12.3.1/../../../../arm-none-eabi/lib/thumb/v7e-m+fp/hard\libc_nano.a(libc_a-flags.o)
                0x0801306c                __sflags
 .text.__swhatbuf_r
                0x080130d8       0x4c D:/STM32CubeIDE_1.12.0/STM32CubeIDE/plugins/com.st.stm32cube.ide.mcu.externaltools.gnu-tools-for-stm32.12.3.rel1.win32_1.0.200.202406191623/tools/bin/../lib/gcc/arm-none-eabi/12.3.1/../../../../arm-none-eabi/lib/thumb/v7e-m+fp/hard\libc_nano.a(libc_a-makebuf.o)
                0x080130d8                __swhatbuf_r
 .text.__smakebuf_r
                0x08013124       0x78 D:/STM32CubeIDE_1.12.0/STM32CubeIDE/plugins/com.st.stm32cube.ide.mcu.externaltools.gnu-tools-for-stm32.12.3.rel1.win32_1.0.200.202406191623/tools/bin/../lib/gcc/arm-none-eabi/12.3.1/../../../../arm-none-eabi/lib/thumb/v7e-m+fp/hard\libc_nano.a(libc_a-makebuf.o)
                0x08013124                __smakebuf_r
 .text.memmove  0x0801319c       0x34 D:/STM32CubeIDE_1.12.0/STM32CubeIDE/plugins/com.st.stm32cube.ide.mcu.externaltools.gnu-tools-for-stm32.12.3.rel1.win32_1.0.200.202406191623/tools/bin/../lib/gcc/arm-none-eabi/12.3.1/../../../../arm-none-eabi/lib/thumb/v7e-m+fp/hard\libc_nano.a(libc_a-memmove.o)
                0x0801319c                memmove
 .text._fstat_r
                0x080131d0       0x24 D:/STM32CubeIDE_1.12.0/STM32CubeIDE/plugins/com.st.stm32cube.ide.mcu.externaltools.gnu-tools-for-stm32.12.3.rel1.win32_1.0.200.202406191623/tools/bin/../lib/gcc/arm-none-eabi/12.3.1/../../../../arm-none-eabi/lib/thumb/v7e-m+fp/hard\libc_nano.a(libc_a-fstatr.o)
                0x080131d0                _fstat_r
 .text._isatty_r
                0x080131f4       0x20 D:/STM32CubeIDE_1.12.0/STM32CubeIDE/plugins/com.st.stm32cube.ide.mcu.externaltools.gnu-tools-for-stm32.12.3.rel1.win32_1.0.200.202406191623/tools/bin/../lib/gcc/arm-none-eabi/12.3.1/../../../../arm-none-eabi/lib/thumb/v7e-m+fp/hard\libc_nano.a(libc_a-isattyr.o)
                0x080131f4                _isatty_r
 *fill*         0x08013214        0x4 
 .text.exp      0x08013218       0x90 D:/STM32CubeIDE_1.12.0/STM32CubeIDE/plugins/com.st.stm32cube.ide.mcu.externaltools.gnu-tools-for-stm32.12.3.rel1.win32_1.0.200.202406191623/tools/bin/../lib/gcc/arm-none-eabi/12.3.1/../../../../arm-none-eabi/lib/thumb/v7e-m+fp/hard\libm.a(libm_a-w_exp.o)
                0x08013218                exp
 .text.log      0x080132a8       0x7c D:/STM32CubeIDE_1.12.0/STM32CubeIDE/plugins/com.st.stm32cube.ide.mcu.externaltools.gnu-tools-for-stm32.12.3.rel1.win32_1.0.200.202406191623/tools/bin/../lib/gcc/arm-none-eabi/12.3.1/../../../../arm-none-eabi/lib/thumb/v7e-m+fp/hard\libm.a(libm_a-w_log.o)
                0x080132a8                log
 .text.pow      0x08013324       0xe0 D:/STM32CubeIDE_1.12.0/STM32CubeIDE/plugins/com.st.stm32cube.ide.mcu.externaltools.gnu-tools-for-stm32.12.3.rel1.win32_1.0.200.202406191623/tools/bin/../lib/gcc/arm-none-eabi/12.3.1/../../../../arm-none-eabi/lib/thumb/v7e-m+fp/hard\libm.a(libm_a-w_pow.o)
                0x08013324                pow
 .text.sqrt     0x08013404       0x58 D:/STM32CubeIDE_1.12.0/STM32CubeIDE/plugins/com.st.stm32cube.ide.mcu.externaltools.gnu-tools-for-stm32.12.3.rel1.win32_1.0.200.202406191623/tools/bin/../lib/gcc/arm-none-eabi/12.3.1/../../../../arm-none-eabi/lib/thumb/v7e-m+fp/hard\libm.a(libm_a-w_sqrt.o)
                0x08013404                sqrt
 .text.finite   0x0801345c       0x16 D:/STM32CubeIDE_1.12.0/STM32CubeIDE/plugins/com.st.stm32cube.ide.mcu.externaltools.gnu-tools-for-stm32.12.3.rel1.win32_1.0.200.202406191623/tools/bin/../lib/gcc/arm-none-eabi/12.3.1/../../../../arm-none-eabi/lib/thumb/v7e-m+fp/hard\libm.a(libm_a-s_finite.o)
                0x0801345c                finite
 *fill*         0x08013472        0x6 
 .text.nan      0x08013478       0x10 D:/STM32CubeIDE_1.12.0/STM32CubeIDE/plugins/com.st.stm32cube.ide.mcu.externaltools.gnu-tools-for-stm32.12.3.rel1.win32_1.0.200.202406191623/tools/bin/../lib/gcc/arm-none-eabi/12.3.1/../../../../arm-none-eabi/lib/thumb/v7e-m+fp/hard\libm.a(libm_a-s_nan.o)
                0x08013478                nan
 .text.__ieee754_sqrt
                0x08013488      0x1b4 D:/STM32CubeIDE_1.12.0/STM32CubeIDE/plugins/com.st.stm32cube.ide.mcu.externaltools.gnu-tools-for-stm32.12.3.rel1.win32_1.0.200.202406191623/tools/bin/../lib/gcc/arm-none-eabi/12.3.1/../../../../arm-none-eabi/lib/thumb/v7e-m+fp/hard\libm.a(libm_a-e_sqrt.o)
                0x08013488                __ieee754_sqrt
 *fill*         0x0801363c        0x4 
 .text.__ieee754_exp
                0x08013640      0x2f4 D:/STM32CubeIDE_1.12.0/STM32CubeIDE/plugins/com.st.stm32cube.ide.mcu.externaltools.gnu-tools-for-stm32.12.3.rel1.win32_1.0.200.202406191623/tools/bin/../lib/gcc/arm-none-eabi/12.3.1/../../../../arm-none-eabi/lib/thumb/v7e-m+fp/hard\libm.a(libm_a-e_exp.o)
                0x08013640                __ieee754_exp
 *fill*         0x08013934        0x4 
 .text.__ieee754_log
                0x08013938      0x36c D:/STM32CubeIDE_1.12.0/STM32CubeIDE/plugins/com.st.stm32cube.ide.mcu.externaltools.gnu-tools-for-stm32.12.3.rel1.win32_1.0.200.202406191623/tools/bin/../lib/gcc/arm-none-eabi/12.3.1/../../../../arm-none-eabi/lib/thumb/v7e-m+fp/hard\libm.a(libm_a-e_log.o)
                0x08013938                __ieee754_log
 *fill*         0x08013ca4        0x4 
 .text.__ieee754_pow
                0x08013ca8      0xa88 D:/STM32CubeIDE_1.12.0/STM32CubeIDE/plugins/com.st.stm32cube.ide.mcu.externaltools.gnu-tools-for-stm32.12.3.rel1.win32_1.0.200.202406191623/tools/bin/../lib/gcc/arm-none-eabi/12.3.1/../../../../arm-none-eabi/lib/thumb/v7e-m+fp/hard\libm.a(libm_a-e_pow.o)
                0x08013ca8                __ieee754_pow
 .text.fabs     0x08014730       0x10 D:/STM32CubeIDE_1.12.0/STM32CubeIDE/plugins/com.st.stm32cube.ide.mcu.externaltools.gnu-tools-for-stm32.12.3.rel1.win32_1.0.200.202406191623/tools/bin/../lib/gcc/arm-none-eabi/12.3.1/../../../../arm-none-eabi/lib/thumb/v7e-m+fp/hard\libm.a(libm_a-s_fabs.o)
                0x08014730                fabs
 .text.scalbn   0x08014740       0xfc D:/STM32CubeIDE_1.12.0/STM32CubeIDE/plugins/com.st.stm32cube.ide.mcu.externaltools.gnu-tools-for-stm32.12.3.rel1.win32_1.0.200.202406191623/tools/bin/../lib/gcc/arm-none-eabi/12.3.1/../../../../arm-none-eabi/lib/thumb/v7e-m+fp/hard\libm.a(libm_a-s_scalbn.o)
                0x08014740                scalbn
 .text.with_errno
                0x0801483c       0x24 D:/STM32CubeIDE_1.12.0/STM32CubeIDE/plugins/com.st.stm32cube.ide.mcu.externaltools.gnu-tools-for-stm32.12.3.rel1.win32_1.0.200.202406191623/tools/bin/../lib/gcc/arm-none-eabi/12.3.1/../../../../arm-none-eabi/lib/thumb/v7e-m+fp/hard\libm.a(libm_a-math_err.o)
 .text.xflow    0x08014860       0x32 D:/STM32CubeIDE_1.12.0/STM32CubeIDE/plugins/com.st.stm32cube.ide.mcu.externaltools.gnu-tools-for-stm32.12.3.rel1.win32_1.0.200.202406191623/tools/bin/../lib/gcc/arm-none-eabi/12.3.1/../../../../arm-none-eabi/lib/thumb/v7e-m+fp/hard\libm.a(libm_a-math_err.o)
 *fill*         0x08014892        0x6 
 .text.__math_uflow
                0x08014898       0x10 D:/STM32CubeIDE_1.12.0/STM32CubeIDE/plugins/com.st.stm32cube.ide.mcu.externaltools.gnu-tools-for-stm32.12.3.rel1.win32_1.0.200.202406191623/tools/bin/../lib/gcc/arm-none-eabi/12.3.1/../../../../arm-none-eabi/lib/thumb/v7e-m+fp/hard\libm.a(libm_a-math_err.o)
                0x08014898                __math_uflow
 .text.__math_oflow
                0x080148a8       0x10 D:/STM32CubeIDE_1.12.0/STM32CubeIDE/plugins/com.st.stm32cube.ide.mcu.externaltools.gnu-tools-for-stm32.12.3.rel1.win32_1.0.200.202406191623/tools/bin/../lib/gcc/arm-none-eabi/12.3.1/../../../../arm-none-eabi/lib/thumb/v7e-m+fp/hard\libm.a(libm_a-math_err.o)
                0x080148a8                __math_oflow
 *(.glue_7)
 .glue_7        0x080148b8        0x0 linker stubs
 *(.glue_7t)
 .glue_7t       0x080148b8        0x0 linker stubs
 *(.eh_frame)
 .eh_frame      0x080148b8        0x0 D:/STM32CubeIDE_1.12.0/STM32CubeIDE/plugins/com.st.stm32cube.ide.mcu.externaltools.gnu-tools-for-stm32.12.3.rel1.win32_1.0.200.202406191623/tools/bin/../lib/gcc/arm-none-eabi/12.3.1/thumb/v7e-m+fp/hard/crtbegin.o
 *(.init)
 .init          0x080148b8        0x4 D:/STM32CubeIDE_1.12.0/STM32CubeIDE/plugins/com.st.stm32cube.ide.mcu.externaltools.gnu-tools-for-stm32.12.3.rel1.win32_1.0.200.202406191623/tools/bin/../lib/gcc/arm-none-eabi/12.3.1/thumb/v7e-m+fp/hard/crti.o
                0x080148b8                _init
 .init          0x080148bc        0x8 D:/STM32CubeIDE_1.12.0/STM32CubeIDE/plugins/com.st.stm32cube.ide.mcu.externaltools.gnu-tools-for-stm32.12.3.rel1.win32_1.0.200.202406191623/tools/bin/../lib/gcc/arm-none-eabi/12.3.1/thumb/v7e-m+fp/hard/crtn.o
 *(.fini)
 .fini          0x080148c4        0x4 D:/STM32CubeIDE_1.12.0/STM32CubeIDE/plugins/com.st.stm32cube.ide.mcu.externaltools.gnu-tools-for-stm32.12.3.rel1.win32_1.0.200.202406191623/tools/bin/../lib/gcc/arm-none-eabi/12.3.1/thumb/v7e-m+fp/hard/crti.o
                0x080148c4                _fini
 .fini          0x080148c8        0x8 D:/STM32CubeIDE_1.12.0/STM32CubeIDE/plugins/com.st.stm32cube.ide.mcu.externaltools.gnu-tools-for-stm32.12.3.rel1.win32_1.0.200.202406191623/tools/bin/../lib/gcc/arm-none-eabi/12.3.1/thumb/v7e-m+fp/hard/crtn.o
                0x080148d0                        . = ALIGN (0x4)
                0x080148d0                        _etext = .

.vfp11_veneer   0x080148d0        0x0
 .vfp11_veneer  0x080148d0        0x0 linker stubs

.v4_bx          0x080148d0        0x0
 .v4_bx         0x080148d0        0x0 linker stubs

.iplt           0x080148d0        0x0
 .iplt          0x080148d0        0x0 D:/STM32CubeIDE_1.12.0/STM32CubeIDE/plugins/com.st.stm32cube.ide.mcu.externaltools.gnu-tools-for-stm32.12.3.rel1.win32_1.0.200.202406191623/tools/bin/../lib/gcc/arm-none-eabi/12.3.1/thumb/v7e-m+fp/hard/crtbegin.o

.rodata         0x080148d0     0x1478
                0x080148d0                        . = ALIGN (0x4)
 *(.rodata)
 .rodata        0x080148d0        0x8 ./Convex/cpg_workspace.o
 .rodata        0x080148d8      0x1e8 ./solver_code/linsys/cpu/direct/private.o
 .rodata        0x08014ac0       0xe2 ./solver_code/linsys/scs_matrix.o
 *fill*         0x08014ba2        0x2 
 .rodata        0x08014ba4      0x465 ./solver_code/src/cones.o
 *fill*         0x08015009        0x3 
 .rodata        0x0801500c      0x597 ./solver_code/src/rw.o
 *fill*         0x080155a3        0x1 
 .rodata        0x080155a4      0x6f2 ./solver_code/src/scs.o
 *fill*         0x08015c96        0x2 
 .rodata        0x08015c98        0x6 ./solver_code/src/scs_version.o
 *(.rodata*)
 *fill*         0x08015c9e        0x2 
 .rodata.AHBPrescTable
                0x08015ca0       0x10 ./Core/Src/system_stm32f4xx.o
                0x08015ca0                AHBPrescTable
 .rodata._svfprintf_r.str1.1
                0x08015cb0       0x11 D:/STM32CubeIDE_1.12.0/STM32CubeIDE/plugins/com.st.stm32cube.ide.mcu.externaltools.gnu-tools-for-stm32.12.3.rel1.win32_1.0.200.202406191623/tools/bin/../lib/gcc/arm-none-eabi/12.3.1/../../../../arm-none-eabi/lib/thumb/v7e-m+fp/hard\libc_nano.a(libc_a-nano-svfprintf.o)
 .rodata._vfprintf_r.str1.1
                0x08015cc1       0x11 D:/STM32CubeIDE_1.12.0/STM32CubeIDE/plugins/com.st.stm32cube.ide.mcu.externaltools.gnu-tools-for-stm32.12.3.rel1.win32_1.0.200.202406191623/tools/bin/../lib/gcc/arm-none-eabi/12.3.1/../../../../arm-none-eabi/lib/thumb/v7e-m+fp/hard\libc_nano.a(libc_a-nano-vfprintf.o)
 .rodata._printf_i.str1.1
                0x08015cc1       0x22 D:/STM32CubeIDE_1.12.0/STM32CubeIDE/plugins/com.st.stm32cube.ide.mcu.externaltools.gnu-tools-for-stm32.12.3.rel1.win32_1.0.200.202406191623/tools/bin/../lib/gcc/arm-none-eabi/12.3.1/../../../../arm-none-eabi/lib/thumb/v7e-m+fp/hard\libc_nano.a(libc_a-nano-vfprintf_i.o)
 .rodata.log.str1.1
                0x08015ce3       0x22 D:/STM32CubeIDE_1.12.0/STM32CubeIDE/plugins/com.st.stm32cube.ide.mcu.externaltools.gnu-tools-for-stm32.12.3.rel1.win32_1.0.200.202406191623/tools/bin/../lib/gcc/arm-none-eabi/12.3.1/../../../../arm-none-eabi/lib/thumb/v7e-m+fp/hard\libm.a(libm_a-w_log.o)
                                  0x1 (size before relaxing)
 *fill*         0x08015ce3        0x5 
 .rodata.ln2LO  0x08015ce8       0x10 D:/STM32CubeIDE_1.12.0/STM32CubeIDE/plugins/com.st.stm32cube.ide.mcu.externaltools.gnu-tools-for-stm32.12.3.rel1.win32_1.0.200.202406191623/tools/bin/../lib/gcc/arm-none-eabi/12.3.1/../../../../arm-none-eabi/lib/thumb/v7e-m+fp/hard\libm.a(libm_a-e_exp.o)
 .rodata.ln2HI  0x08015cf8       0x10 D:/STM32CubeIDE_1.12.0/STM32CubeIDE/plugins/com.st.stm32cube.ide.mcu.externaltools.gnu-tools-for-stm32.12.3.rel1.win32_1.0.200.202406191623/tools/bin/../lib/gcc/arm-none-eabi/12.3.1/../../../../arm-none-eabi/lib/thumb/v7e-m+fp/hard\libm.a(libm_a-e_exp.o)
 .rodata.halF   0x08015d08       0x10 D:/STM32CubeIDE_1.12.0/STM32CubeIDE/plugins/com.st.stm32cube.ide.mcu.externaltools.gnu-tools-for-stm32.12.3.rel1.win32_1.0.200.202406191623/tools/bin/../lib/gcc/arm-none-eabi/12.3.1/../../../../arm-none-eabi/lib/thumb/v7e-m+fp/hard\libm.a(libm_a-e_exp.o)
 .rodata.dp_l   0x08015d18       0x10 D:/STM32CubeIDE_1.12.0/STM32CubeIDE/plugins/com.st.stm32cube.ide.mcu.externaltools.gnu-tools-for-stm32.12.3.rel1.win32_1.0.200.202406191623/tools/bin/../lib/gcc/arm-none-eabi/12.3.1/../../../../arm-none-eabi/lib/thumb/v7e-m+fp/hard\libm.a(libm_a-e_pow.o)
 .rodata.dp_h   0x08015d28       0x10 D:/STM32CubeIDE_1.12.0/STM32CubeIDE/plugins/com.st.stm32cube.ide.mcu.externaltools.gnu-tools-for-stm32.12.3.rel1.win32_1.0.200.202406191623/tools/bin/../lib/gcc/arm-none-eabi/12.3.1/../../../../arm-none-eabi/lib/thumb/v7e-m+fp/hard\libm.a(libm_a-e_pow.o)
 .rodata.bp     0x08015d38       0x10 D:/STM32CubeIDE_1.12.0/STM32CubeIDE/plugins/com.st.stm32cube.ide.mcu.externaltools.gnu-tools-for-stm32.12.3.rel1.win32_1.0.200.202406191623/tools/bin/../lib/gcc/arm-none-eabi/12.3.1/../../../../arm-none-eabi/lib/thumb/v7e-m+fp/hard\libm.a(libm_a-e_pow.o)
                0x08015d48                        . = ALIGN (0x4)

.ARM.extab      0x08015d48        0x0
                0x08015d48                        . = ALIGN (0x4)
 *(.ARM.extab* .gnu.linkonce.armextab.*)
                0x08015d48                        . = ALIGN (0x4)

.ARM            0x08015d48        0x8
                0x08015d48                        . = ALIGN (0x4)
                0x08015d48                        __exidx_start = .
 *(.ARM.exidx*)
 .ARM.exidx     0x08015d48        0x8 D:/STM32CubeIDE_1.12.0/STM32CubeIDE/plugins/com.st.stm32cube.ide.mcu.externaltools.gnu-tools-for-stm32.12.3.rel1.win32_1.0.200.202406191623/tools/bin/../lib/gcc/arm-none-eabi/12.3.1/../../../../arm-none-eabi/lib/thumb/v7e-m+fp/hard\libc_nano.a(libc_a-strlen.o)
 .ARM.exidx     0x08015d50        0x0 D:/STM32CubeIDE_1.12.0/STM32CubeIDE/plugins/com.st.stm32cube.ide.mcu.externaltools.gnu-tools-for-stm32.12.3.rel1.win32_1.0.200.202406191623/tools/bin/../lib/gcc/arm-none-eabi/12.3.1/../../../../arm-none-eabi/lib/thumb/v7e-m+fp/hard\libc_nano.a(libc_a-memchr.o)
                                  0x8 (size before relaxing)
 .ARM.exidx     0x08015d50        0x0 D:/STM32CubeIDE_1.12.0/STM32CubeIDE/plugins/com.st.stm32cube.ide.mcu.externaltools.gnu-tools-for-stm32.12.3.rel1.win32_1.0.200.202406191623/tools/bin/../lib/gcc/arm-none-eabi/12.3.1/thumb/v7e-m+fp/hard\libgcc.a(_udivmoddi4.o)
                                  0x8 (size before relaxing)
                0x08015d50                        __exidx_end = .
                0x08015d50                        . = ALIGN (0x4)

.preinit_array  0x08015d50        0x0
                0x08015d50                        . = ALIGN (0x4)
                0x08015d50                        PROVIDE (__preinit_array_start = .)
 *(.preinit_array*)
                0x08015d50                        PROVIDE (__preinit_array_end = .)
                0x08015d50                        . = ALIGN (0x4)

.init_array     0x08015d50        0x4
                0x08015d50                        . = ALIGN (0x4)
                0x08015d50                        PROVIDE (__init_array_start = .)
 *(SORT_BY_NAME(.init_array.*))
 *(.init_array*)
 .init_array    0x08015d50        0x4 D:/STM32CubeIDE_1.12.0/STM32CubeIDE/plugins/com.st.stm32cube.ide.mcu.externaltools.gnu-tools-for-stm32.12.3.rel1.win32_1.0.200.202406191623/tools/bin/../lib/gcc/arm-none-eabi/12.3.1/thumb/v7e-m+fp/hard/crtbegin.o
                0x08015d54                        PROVIDE (__init_array_end = .)
                0x08015d54                        . = ALIGN (0x4)

.fini_array     0x08015d54        0x4
                0x08015d54                        . = ALIGN (0x4)
                [!provide]                        PROVIDE (__fini_array_start = .)
 *(SORT_BY_NAME(.fini_array.*))
 *(.fini_array*)
 .fini_array    0x08015d54        0x4 D:/STM32CubeIDE_1.12.0/STM32CubeIDE/plugins/com.st.stm32cube.ide.mcu.externaltools.gnu-tools-for-stm32.12.3.rel1.win32_1.0.200.202406191623/tools/bin/../lib/gcc/arm-none-eabi/12.3.1/thumb/v7e-m+fp/hard/crtbegin.o
                [!provide]                        PROVIDE (__fini_array_end = .)
                0x08015d58                        . = ALIGN (0x4)
                0x08015d58                        _sidata = LOADADDR (.data)

.rel.dyn        0x08015d58        0x0
 .rel.iplt      0x08015d58        0x0 D:/STM32CubeIDE_1.12.0/STM32CubeIDE/plugins/com.st.stm32cube.ide.mcu.externaltools.gnu-tools-for-stm32.12.3.rel1.win32_1.0.200.202406191623/tools/bin/../lib/gcc/arm-none-eabi/12.3.1/thumb/v7e-m+fp/hard/crtbegin.o

.data           0x20000000      0x528 load address 0x08015d58
                0x20000000                        . = ALIGN (0x4)
                0x20000000                        _sdata = .
 *(.data)
 *(.data*)
 .data.cpg_params_vec
                0x20000000       0x28 ./Convex/cpg_workspace.o
                0x20000000                cpg_params_vec
 .data.canon_P_map_i
                0x20000028        0x8 ./Convex/cpg_workspace.o
                0x20000028                canon_P_map_i
 .data.canon_P_map_p
                0x20000030        0xc ./Convex/cpg_workspace.o
                0x20000030                canon_P_map_p
 *fill*         0x2000003c        0x4 
 .data.canon_P_map_x
                0x20000040       0x10 ./Convex/cpg_workspace.o
                0x20000040                canon_P_map_x
 .data.canon_P_map
                0x20000050       0x10 ./Convex/cpg_workspace.o
                0x20000050                canon_P_map
 .data.canon_A_map_i
                0x20000060       0x10 ./Convex/cpg_workspace.o
                0x20000060                canon_A_map_i
 .data.canon_A_map_p
                0x20000070       0x14 ./Convex/cpg_workspace.o
                0x20000070                canon_A_map_p
 *fill*         0x20000084        0x4 
 .data.canon_A_map_x
                0x20000088       0x20 ./Convex/cpg_workspace.o
                0x20000088                canon_A_map_x
 .data.canon_A_map
                0x200000a8       0x10 ./Convex/cpg_workspace.o
                0x200000a8                canon_A_map
 .data.canon_b_map_i
                0x200000b8        0xc ./Convex/cpg_workspace.o
                0x200000b8                canon_b_map_i
 .data.canon_b_map_p
                0x200000c4       0x10 ./Convex/cpg_workspace.o