../Convex/cpg_solve.c:14:6:cpg_update_lambda_cost	16	static
../Convex/cpg_solve.c:19:6:cpg_update_x_curr	16	static
../Convex/cpg_solve.c:24:6:cpg_update_k_gain	16	static
../Convex/cpg_solve.c:29:6:cpg_update_x_ref	16	static
../Convex/cpg_solve.c:35:6:cpg_canonicalize_P	24	static
../Convex/cpg_solve.c:44:6:cpg_canonicalize_A	24	static
../Convex/cpg_solve.c:53:6:cpg_canonicalize_b	24	static
../Convex/cpg_solve.c:63:6:cpg_retrieve_prim	4	static
../Convex/cpg_solve.c:68:6:cpg_retrieve_dual	4	static
../Convex/cpg_solve.c:74:6:cpg_retrieve_info	4	static
../Convex/cpg_solve.c:83:6:cpg_solve	8	static
../Convex/cpg_solve.c:118:6:cpg_set_solver_default_settings	8	static
../Convex/cpg_solve.c:122:6:cpg_set_solver_normalize	16	static
../Convex/cpg_solve.c:126:6:cpg_set_solver_scale	16	static
../Convex/cpg_solve.c:130:6:cpg_set_solver_adaptive_scale	16	static
../Convex/cpg_solve.c:134:6:cpg_set_solver_rho_x	16	static
../Convex/cpg_solve.c:138:6:cpg_set_solver_max_iters	16	static
../Convex/cpg_solve.c:142:6:cpg_set_solver_eps_abs	16	static
../Convex/cpg_solve.c:146:6:cpg_set_solver_eps_rel	16	static
../Convex/cpg_solve.c:150:6:cpg_set_solver_eps_infeas	16	static
../Convex/cpg_solve.c:154:6:cpg_set_solver_alpha	16	static
../Convex/cpg_solve.c:158:6:cpg_set_solver_time_limit_secs	16	static
../Convex/cpg_solve.c:162:6:cpg_set_solver_verbose	16	static
../Convex/cpg_solve.c:166:6:cpg_set_solver_warm_start	16	static
../Convex/cpg_solve.c:170:6:cpg_set_solver_acceleration_lookback	16	static
../Convex/cpg_solve.c:174:6:cpg_set_solver_acceleration_interval	16	static
../Convex/cpg_solve.c:178:6:cpg_set_solver_write_data_filename	16	static
../Convex/cpg_solve.c:182:6:cpg_set_solver_log_csv_filename	16	static
