../solver_code/src/scs.c:22:13:free_residuals	16	static
../solver_code/src/scs.c:34:13:free_work	16	static
../solver_code/src/scs.c:75:13:print_init_header	152	static
../solver_code/src/scs.c:125:13:populate_on_failure	24	static
../solver_code/src/scs.c:159:16:failure	40	static
../solver_code/src/scs.c:169:23:_is_nan	24	static
../solver_code/src/scs.c:176:13:warm_start_vars	48	static
../solver_code/src/scs.c:197:13:compute_residuals	48	static
../solver_code/src/scs.c:212:13:unnormalize_residuals	32	static
../solver_code/src/scs.c:253:13:populate_residual_struct	80	static
../solver_code/src/scs.c:331:13:cold_start_vars	24	static
../solver_code/src/scs.c:338:25:dot_r	40	static
../solver_code/src/scs.c:348:18:root_plus	72	static
../solver_code/src/scs.c:358:16:project_lin_sys	80	static
../solver_code/src/scs.c:400:13:compute_rsk	40	static
../solver_code/src/scs.c:407:13:update_dual_vars	48	static
../solver_code/src/scs.c:415:16:project_cones	56	static
../solver_code/src/scs.c:431:13:sety	16	static
../solver_code/src/scs.c:439:13:sets	16	static
../solver_code/src/scs.c:446:13:setx	16	static
../solver_code/src/scs.c:453:13:set_solved	40	static
../solver_code/src/scs.c:466:13:set_infeasible	32	static
../solver_code/src/scs.c:479:13:set_unbounded	32	static
../solver_code/src/scs.c:493:13:set_unfinished	40	static
../solver_code/src/scs.c:515:13:finalize	40	static
../solver_code/src/scs.c:557:13:print_summary	40	static
../solver_code/src/scs.c:594:13:print_header	24	static
../solver_code/src/scs.c:613:13:print_footer	56	static
../solver_code/src/scs.c:651:16:has_converged	144	static
../solver_code/src/scs.c:689:16:validate	24	static
../solver_code/src/scs.c:744:22:init_residuals	24	static
../solver_code/src/scs.c:755:9:scs_update	32	static
../solver_code/src/scs.c:783:13:set_diag_r	24	static
../solver_code/src/scs.c:795:17:init_work	40	static
../solver_code/src/scs.c:890:13:update_work_cache	16	static
../solver_code/src/scs.c:899:13:reset_tracking	16	static
../solver_code/src/scs.c:914:16:update_work	16	static
../solver_code/src/scs.c:931:9:should_update_r	24	static
../solver_code/src/scs.c:935:13:update_scale	104	static
../solver_code/src/scs.c:1004:20:normalize_v	24	static
../solver_code/src/scs.c:1009:9:scs_solve	112	static
../solver_code/src/scs.c:1161:6:scs_finish	16	static
../solver_code/src/scs.c:1174:10:scs_init	32	static
../solver_code/src/scs.c:1205:9:scs	48	static
